{
  "published": 4743,
  "omitted": [
    "ECON-SP-MAP-AD-AS-TO-PC-5061",
    "ECON-SP-MAP-AD-AS-TO-PC-6052"
  ],
  "parityFailures": 0,
  "graphs": 14,
  "modes": [
    {
      "mode": "standard",
      "ok": true
    },
    {
      "mode": "timed",
      "ok": true
    },
    {
      "mode": "exam",
      "ok": true
    },
    {
      "mode": "quiz",
      "ok": true
    },
    {
      "mode": "unlimited",
      "ok": true
    },
    {
      "mode": "legendary",
      "ok": true
    },
    {
      "mode": "score",
      "ok": true
    },
    {
      "mode": "trialGraph",
      "ok": true
    },
    {
      "mode": "fadingFortune",
      "ok": true
    },
    {
      "mode": "riskReward",
      "ok": true
    }
  ],
  "inventorySelections": 89,
  "inventoryDiscrepancies": 0,
  "newUnavailable": 93,
  "newShortSelections": 41,
  "bridges": 84,
  "missingRepairPairs": [
    "43139",
    "43160",
    "PMOE-NER-BR-001"
  ]
}
