{
  "pages": [
    73,
    74,
    232,
    298,
    302,
    518,
    568,
    704,
    705,
    706,
    709,
    782,
    893,
    894,
    912,
    919,
    921,
    932,
    933,
    1038,
    1388,
    1721,
    1880,
    1881,
    1884,
    1885,
    1886,
    1906,
    2155,
    2156,
    2233,
    2236,
    2317,
    2318,
    2334,
    2429,
    2430,
    2492,
    2557,
    2558,
    2629,
    2899,
    2903,
    3172,
    3173,
    3206,
    3350,
    3351,
    3541
  ],
  "sheets": [
    "tmp\\macroeconomics_final_verification\\visual\\review-01.png",
    "tmp\\macroeconomics_final_verification\\visual\\review-02.png",
    "tmp\\macroeconomics_final_verification\\visual\\review-03.png",
    "tmp\\macroeconomics_final_verification\\visual\\review-04.png",
    "tmp\\macroeconomics_final_verification\\visual\\review-05.png",
    "tmp\\macroeconomics_final_verification\\visual\\review-06.png",
    "tmp\\macroeconomics_final_verification\\visual\\review-07.png",
    "tmp\\macroeconomics_final_verification\\visual\\review-08.png",
    "tmp\\macroeconomics_final_verification\\visual\\review-09.png",
    "tmp\\macroeconomics_final_verification\\visual\\review-10.png",
    "tmp\\macroeconomics_final_verification\\visual\\review-11.png",
    "tmp\\macroeconomics_final_verification\\visual\\review-12.png",
    "tmp\\macroeconomics_final_verification\\visual\\review-13.png",
    "tmp\\macroeconomics_final_verification\\visual\\review-14.png",
    "tmp\\macroeconomics_final_verification\\visual\\review-15.png",
    "tmp\\macroeconomics_final_verification\\visual\\review-16.png",
    "tmp\\macroeconomics_final_verification\\visual\\review-17.png",
    "tmp\\macroeconomics_final_verification\\visual\\review-18.png",
    "tmp\\macroeconomics_final_verification\\visual\\review-19.png",
    "tmp\\macroeconomics_final_verification\\visual\\review-20.png",
    "tmp\\macroeconomics_final_verification\\visual\\review-21.png",
    "tmp\\macroeconomics_final_verification\\visual\\review-22.png",
    "tmp\\macroeconomics_final_verification\\visual\\review-23.png",
    "tmp\\macroeconomics_final_verification\\visual\\review-24.png",
    "tmp\\macroeconomics_final_verification\\visual\\review-25.png"
  ]
}
