{
  "sourceSha256": "51d3fdd51fa9cae22d90cbb56b2b8c813fbf47508901a3ec474d0cc183390572",
  "integrity": {
    "concepts": 149,
    "questions": 9779,
    "graphs": 1147,
    "assets": 507
  },
  "changedIds": 126,
  "keyChecks": 126,
  "bankChecks": {
    "general": {
      "ids": 1589,
      "changedAuthorizedIds": [
        "40001",
        "40002",
        "40004",
        "40007",
        "40008",
        "40010",
        "40011",
        "40014",
        "40016",
        "40021",
        "40027",
        "40038",
        "40044",
        "40047",
        "ECON-MG-ELITE-318",
        "ECON-MG-EQUILIBRIUM-PREDICTION-5008",
        "ECON-MG-FINALBOSS-4018",
        "ECON-MG-HARD-258",
        "ECON-MG-HARD-259",
        "ECON-MG-HARD-261",
        "ECON-MG-HARD-262",
        "ECON-MG-HARD-265",
        "ECON-MG-HARD-276",
        "ECON-MG-HARD-277",
        "ECON-MG-HARD-278",
        "ECON-MG-HARD-279",
        "ECON-MG-HARD-281",
        "ECON-MG-LEGENDARY-9003",
        "ECON-MG-LEGENDARY-9004",
        "ECON-MG-LEGENDARY-9017",
        "ECON-MG-LEGENDARY-9037",
        "ECON-MG-LEGENDARY-9038",
        "ECON-MG-LEGENDARY-9039",
        "ECON-MG-MEDIUM-150",
        "ECON-MG-MEDIUM-157",
        "ECON-MG-MEDIUM-167",
        "ECON-MG-MEDIUM-171",
        "ECON-MG-MEDIUM-175",
        "P52A-MARG-L-003",
        "P52B-TRADE-EL-001",
        "P52B-TRADE-LB-003",
        "P62D-ITP-B3-041",
        "P62D-ITP-B3-052",
        "P62D-ITP-B3-054",
        "P62D-ITP-EL-012",
        "P62D-ITP-EL-030",
        "P62D-ITP-H-015",
        "P62D-ITP-H-018",
        "P62D-ITP-H-024",
        "P62D-ITP-H-030",
        "P62D-ITP-L-003",
        "P62D-ITP-L-015",
        "P62D-ITP-L-027",
        "P62D-ITP-L-033",
        "P62D-ITP-L-045",
        "P62D-ITP-L-057",
        "P62D-ITP-L-061",
        "P62D-ITP-L-062",
        "P62D-ITP-L-063",
        "P62D-ITP-L-064",
        "P62D-ITP-L-065",
        "P62D-ITP-L-066",
        "P62D-ITP-L-067",
        "P62D-ITP-L-068",
        "P62D-ITP-L-069",
        "P62D-ITP-L-070",
        "P62D-ITP-L-071",
        "P62D-ITP-L-072",
        "P62D-ITP-L-073",
        "P62D-ITP-L-074",
        "P62D-ITP-L-075",
        "P62D-ITP-L-076",
        "P62D-ITP-L-077",
        "P62D-ITP-L-078",
        "P62D-ITP-L-079",
        "P62D-ITP-L-080",
        "P62D-ITP-L-096",
        "P62D-ITP-L-099",
        "P62D-ITP-L-100",
        "P62D-ITP-LB-003",
        "P62D-ITP-LB-006",
        "P62D-ITP-LB-009",
        "P62D-ITP-LB-018",
        "P62D-ITP-LB-021",
        "P62D-ITP-LB-024",
        "P62D-ITP-LB-027",
        "P62D-ITP-LB-036",
        "P62D-ITP-M-032",
        "P62D-ITP-M-034",
        "P72-OPPC-L-010",
        "P73-MARG-H-007",
        "P73-MARG-L-006",
        "P73-MARG-L-007",
        "P74-INC-EL-003",
        "P74-INC-L-021",
        "P74-INC-M-008",
        "P74-INC-M-010",
        "P75-TRADE-H-007",
        "P75-TRADE-H-010",
        "P75-TRADE-L-007",
        "P75-TRADE-L-014",
        "P75-TRADE-L-021",
        "P75-TRADE-M-009",
        "P77-EPOL-BR-041",
        "P77-EPOL-EASYB-024",
        "P77-EPOL-M-007",
        "P77-EPOL-MEDIUMB-027",
        "P77-EPOL-R-039",
        "P77-PVN-LB-034",
        "PG1-DMD-EL-001",
        "PG1-DMD-EL-003",
        "PG1-DMD-H-001",
        "PG1-DMD-L-001",
        "PG1-DMD-L-003",
        "PG1-DMD-M-001",
        "PG1-DMD-M-004",
        "PG1-DMD-M-006",
        "PG1-EQ-L-001",
        "PG1-SUP-EL-002",
        "PG1-SUP-EL-003",
        "PG1-SUP-H-001",
        "PG1-SUP-M-001",
        "PG1-SUP-M-005",
        "PG2-CEIL-E-001",
        "PG2-FLR-E-001",
        "PG2-STX-EL-001"
      ],
      "unrelatedUnchanged": 1463
    },
    "micro": {
      "ids": 6301,
      "changedAuthorizedIds": [
        "40001",
        "40002",
        "40004",
        "40007",
        "40008",
        "40010",
        "40011",
        "40014",
        "40016",
        "40021",
        "40027",
        "40038",
        "40044",
        "40047",
        "ECON-MG-ELITE-318",
        "ECON-MG-EQUILIBRIUM-PREDICTION-5008",
        "ECON-MG-FINALBOSS-4018",
        "ECON-MG-HARD-258",
        "ECON-MG-HARD-259",
        "ECON-MG-HARD-261",
        "ECON-MG-HARD-262",
        "ECON-MG-HARD-265",
        "ECON-MG-HARD-276",
        "ECON-MG-HARD-277",
        "ECON-MG-HARD-278",
        "ECON-MG-HARD-279",
        "ECON-MG-HARD-281",
        "ECON-MG-LEGENDARY-9003",
        "ECON-MG-LEGENDARY-9004",
        "ECON-MG-LEGENDARY-9017",
        "ECON-MG-LEGENDARY-9037",
        "ECON-MG-LEGENDARY-9038",
        "ECON-MG-LEGENDARY-9039",
        "ECON-MG-MEDIUM-150",
        "ECON-MG-MEDIUM-157",
        "ECON-MG-MEDIUM-167",
        "ECON-MG-MEDIUM-171",
        "ECON-MG-MEDIUM-175",
        "P52A-MARG-L-003",
        "P52B-TRADE-EL-001",
        "P52B-TRADE-LB-003",
        "P62D-ITP-B3-041",
        "P62D-ITP-B3-052",
        "P62D-ITP-B3-054",
        "P62D-ITP-EL-012",
        "P62D-ITP-EL-030",
        "P62D-ITP-H-015",
        "P62D-ITP-H-018",
        "P62D-ITP-H-024",
        "P62D-ITP-H-030",
        "P62D-ITP-L-003",
        "P62D-ITP-L-015",
        "P62D-ITP-L-027",
        "P62D-ITP-L-033",
        "P62D-ITP-L-045",
        "P62D-ITP-L-057",
        "P62D-ITP-L-061",
        "P62D-ITP-L-062",
        "P62D-ITP-L-063",
        "P62D-ITP-L-064",
        "P62D-ITP-L-065",
        "P62D-ITP-L-066",
        "P62D-ITP-L-067",
        "P62D-ITP-L-068",
        "P62D-ITP-L-069",
        "P62D-ITP-L-070",
        "P62D-ITP-L-071",
        "P62D-ITP-L-072",
        "P62D-ITP-L-073",
        "P62D-ITP-L-074",
        "P62D-ITP-L-075",
        "P62D-ITP-L-076",
        "P62D-ITP-L-077",
        "P62D-ITP-L-078",
        "P62D-ITP-L-079",
        "P62D-ITP-L-080",
        "P62D-ITP-L-096",
        "P62D-ITP-L-099",
        "P62D-ITP-L-100",
        "P62D-ITP-LB-003",
        "P62D-ITP-LB-006",
        "P62D-ITP-LB-009",
        "P62D-ITP-LB-018",
        "P62D-ITP-LB-021",
        "P62D-ITP-LB-024",
        "P62D-ITP-LB-027",
        "P62D-ITP-LB-036",
        "P62D-ITP-M-032",
        "P62D-ITP-M-034",
        "P73-MARG-H-007",
        "P73-MARG-L-006",
        "P73-MARG-L-007",
        "P74-INC-EL-003",
        "P74-INC-L-021",
        "P74-INC-M-008",
        "P74-INC-M-010",
        "P75-TRADE-H-007",
        "P75-TRADE-H-010",
        "P75-TRADE-L-007",
        "P75-TRADE-L-014",
        "P75-TRADE-L-021",
        "P75-TRADE-M-009",
        "P77-EPOL-BR-041",
        "P77-EPOL-EASYB-024",
        "P77-EPOL-M-007",
        "P77-EPOL-MEDIUMB-027",
        "P77-EPOL-R-039",
        "P77-PVN-LB-034",
        "PG1-DMD-EL-001",
        "PG1-DMD-EL-003",
        "PG1-DMD-H-001",
        "PG1-DMD-L-001",
        "PG1-DMD-L-003",
        "PG1-DMD-M-001",
        "PG1-DMD-M-004",
        "PG1-DMD-M-006",
        "PG1-EQ-L-001",
        "PG1-SUP-EL-002",
        "PG1-SUP-EL-003",
        "PG1-SUP-H-001",
        "PG1-SUP-M-001",
        "PG1-SUP-M-005",
        "PG2-CEIL-E-001",
        "PG2-FLR-E-001",
        "PG2-STX-EL-001"
      ],
      "unrelatedUnchanged": 6176
    },
    "macro": {
      "ids": 4745,
      "changedAuthorizedIds": [
        "40001",
        "40002",
        "40004",
        "40007",
        "40008",
        "40010",
        "40011",
        "40014",
        "40016",
        "40021",
        "40027",
        "40038",
        "40044",
        "40047",
        "ECON-MG-ELITE-318",
        "ECON-MG-EQUILIBRIUM-PREDICTION-5008",
        "ECON-MG-FINALBOSS-4018",
        "ECON-MG-HARD-258",
        "ECON-MG-HARD-259",
        "ECON-MG-HARD-261",
        "ECON-MG-HARD-262",
        "ECON-MG-HARD-265",
        "ECON-MG-HARD-276",
        "ECON-MG-HARD-277",
        "ECON-MG-HARD-278",
        "ECON-MG-HARD-279",
        "ECON-MG-HARD-281",
        "ECON-MG-LEGENDARY-9003",
        "ECON-MG-LEGENDARY-9004",
        "ECON-MG-LEGENDARY-9017",
        "ECON-MG-LEGENDARY-9037",
        "ECON-MG-LEGENDARY-9038",
        "ECON-MG-LEGENDARY-9039",
        "ECON-MG-MEDIUM-150",
        "ECON-MG-MEDIUM-157",
        "ECON-MG-MEDIUM-167",
        "ECON-MG-MEDIUM-171",
        "ECON-MG-MEDIUM-175",
        "P52A-MARG-L-003",
        "P52B-TRADE-EL-001",
        "P52B-TRADE-LB-003",
        "P62D-ITP-B3-041",
        "P62D-ITP-B3-052",
        "P62D-ITP-B3-054",
        "P62D-ITP-EL-012",
        "P62D-ITP-EL-030",
        "P62D-ITP-H-015",
        "P62D-ITP-H-018",
        "P62D-ITP-H-024",
        "P62D-ITP-H-030",
        "P62D-ITP-L-003",
        "P62D-ITP-L-015",
        "P62D-ITP-L-027",
        "P62D-ITP-L-033",
        "P62D-ITP-L-045",
        "P62D-ITP-L-057",
        "P62D-ITP-L-061",
        "P62D-ITP-L-062",
        "P62D-ITP-L-063",
        "P62D-ITP-L-064",
        "P62D-ITP-L-065",
        "P62D-ITP-L-066",
        "P62D-ITP-L-067",
        "P62D-ITP-L-068",
        "P62D-ITP-L-069",
        "P62D-ITP-L-070",
        "P62D-ITP-L-071",
        "P62D-ITP-L-072",
        "P62D-ITP-L-073",
        "P62D-ITP-L-074",
        "P62D-ITP-L-075",
        "P62D-ITP-L-076",
        "P62D-ITP-L-077",
        "P62D-ITP-L-078",
        "P62D-ITP-L-079",
        "P62D-ITP-L-080",
        "P62D-ITP-L-096",
        "P62D-ITP-L-099",
        "P62D-ITP-L-100",
        "P62D-ITP-LB-003",
        "P62D-ITP-LB-006",
        "P62D-ITP-LB-009",
        "P62D-ITP-LB-018",
        "P62D-ITP-LB-021",
        "P62D-ITP-LB-024",
        "P62D-ITP-LB-027",
        "P62D-ITP-LB-036",
        "P62D-ITP-M-032",
        "P62D-ITP-M-034",
        "P72-OPPC-L-010",
        "P73-MARG-H-007",
        "P73-MARG-L-006",
        "P73-MARG-L-007",
        "P74-INC-EL-003",
        "P74-INC-L-021",
        "P74-INC-M-008",
        "P74-INC-M-010",
        "P75-TRADE-H-007",
        "P75-TRADE-H-010",
        "P75-TRADE-L-007",
        "P75-TRADE-L-014",
        "P75-TRADE-L-021",
        "P75-TRADE-M-009",
        "P77-EPOL-BR-041",
        "P77-EPOL-EASYB-024",
        "P77-EPOL-M-007",
        "P77-EPOL-MEDIUMB-027",
        "P77-EPOL-R-039",
        "P77-PVN-LB-034",
        "PG1-DMD-EL-001",
        "PG1-DMD-EL-003",
        "PG1-DMD-H-001",
        "PG1-DMD-L-001",
        "PG1-DMD-L-003",
        "PG1-DMD-M-001",
        "PG1-DMD-M-004",
        "PG1-DMD-M-006",
        "PG1-EQ-L-001",
        "PG1-SUP-EL-002",
        "PG1-SUP-EL-003",
        "PG1-SUP-H-001",
        "PG1-SUP-M-001",
        "PG1-SUP-M-005",
        "PG2-CEIL-E-001",
        "PG2-FLR-E-001",
        "PG2-STX-EL-001"
      ],
      "unrelatedUnchanged": 4619
    }
  },
  "unauthorizedRecordChanges": 0,
  "preservedMetadata": true,
  "preservedRouting": true,
  "preservedGraphAssets": true,
  "protectedExistingFiles": 1654,
  "unexpectedFileChanges": [],
  "negativeProbes": [
    {
      "id": "40001",
      "field": "q",
      "rejected": true
    },
    {
      "id": "ECON-MG-EASY-1",
      "field": "feedback",
      "rejected": true
    },
    {
      "id": "40001",
      "field": "difficulty",
      "rejected": true
    }
  ],
  "publication": {
    "publishedIds": 1589,
    "allTargetsPresent": true,
    "exactContentParity": true,
    "inlineScriptsCompiled": 1,
    "allTenModesPass": true,
    "answerVerification": true
  }
}
