Unpublished targeted IDs []
{
  "sourceSha256": "401cfb5b9448cd41be78388c2590b1cfd590d4c0067d7bf1f5c189c306e9878c",
  "integrity": {
    "concepts": 149,
    "questions": 9777,
    "graphs": 1131,
    "assets": 507
  },
  "changedIds": 128,
  "keyChecks": 128,
  "bankChecks": {
    "general": {
      "ids": 1589,
      "changedAuthorizedIds": [
        "ECON-MG-LEGENDARY-9042",
        "ECON-MG-LEGENDARY-9076",
        "P52A-MARG-L-005",
        "P52A-OPPC-EL-002",
        "P52B-EPOL-EL-001",
        "P62D-ITP-B3-048",
        "P62D-ITP-B3-049",
        "P62D-ITP-L-095",
        "P62D-ITP-L-098",
        "P73-MARG-H-012",
        "P73-MARG-L-008",
        "P74-INC-BR-005",
        "P74-INC-H-008",
        "P74-INC-L-013",
        "P76-MODL-LB-006"
      ],
      "unrelatedUnchanged": 1574
    },
    "micro": {
      "ids": 6299,
      "changedAuthorizedIds": [
        "ECON-MG-LEGENDARY-9042",
        "ECON-MG-LEGENDARY-9076",
        "P52A-MARG-L-005",
        "P52B-EPOL-EL-001",
        "P62D-ITP-B3-048",
        "P62D-ITP-B3-049",
        "P62D-ITP-L-095",
        "P62D-ITP-L-098",
        "P73-MARG-H-012",
        "P73-MARG-L-008",
        "P74-INC-BR-005",
        "P74-INC-H-008",
        "P74-INC-L-013"
      ],
      "unrelatedUnchanged": 6286
    },
    "macro": {
      "ids": 4745,
      "changedAuthorizedIds": [
        "43068",
        "43170",
        "43174",
        "43179",
        "43186",
        "43198",
        "ECON-EC-FINALBOSS-19022",
        "ECON-EC-LEGENDARYBOSS-20001",
        "ECON-EC-MEDIUMBOSS-18010",
        "ECON-MG-LEGENDARY-9042",
        "ECON-MG-LEGENDARY-9076",
        "ECON-NL-EASYBOSS-2024",
        "ECON-NL-ELITE-369",
        "ECON-NL-FINALBOSS-4004",
        "ECON-NL-FINALBOSS-4014",
        "ECON-NL-FINALBOSS-4027",
        "ECON-NL-LEGENDARY-9046",
        "ECON-NL-LEGENDARY-9053",
        "ECON-NL-LEGENDARYBOSS-9110",
        "ECON-SP-DEFINE-PHILLIPS-CURVE-6039",
        "ECON-SP-EASYBOSS-2005",
        "ECON-SP-ELITE-320",
        "ECON-SP-EXPECTED-INFLATION-SHIFT-6044",
        "ECON-SP-FINALBOSS-4000",
        "ECON-SP-FINALBOSS-4008",
        "ECON-SP-FINALBOSS-4016",
        "ECON-SP-FINALBOSS-4017",
        "ECON-SP-FINALBOSS-4018",
        "ECON-SP-FINALBOSS-4019",
        "ECON-SP-LEGENDARY-9029",
        "ECON-SP-LEGENDARY-9033",
        "ECON-SP-LEGENDARYBOSS-9102",
        "ECON-SP-LEGENDARYBOSS-9105",
        "ECON-SP-LEGENDARYBOSS-9110",
        "ECON-SP-LEGENDARYBOSS-9111",
        "ECON-SP-LEGENDARYBOSS-9112",
        "ECON-SP-LEGENDARYBOSS-9113",
        "ECON-SP-LEGENDARYBOSS-9120",
        "ECON-SP-MEDIUMBOSS-3005",
        "ECON-SP-MEDIUMBOSS-3006",
        "ECON-SP-MEDIUMBOSS-3011",
        "ECON-SP-MEDIUMBOSS-3014",
        "LG-B-6002",
        "LG-B-6006",
        "LG-B-6007",
        "LG-B-6018",
        "LG-Q-2010",
        "LG-Q-222",
        "LG-Q-249",
        "LG-Q-314",
        "LG-Q-4003",
        "LG-Q-4008",
        "LG-Q-4011",
        "LG-Q-4014",
        "LG-Q-9019",
        "LG-Q-9020",
        "LG-Q-9035",
        "LG-Q-9040",
        "LG-Q-9102",
        "LG-Q-9123",
        "LG-Q-9133",
        "LG-Q-9135",
        "LG-Q-9136",
        "LG-Q-9142",
        "LG-R-5055",
        "P52A-FISCAD-B1-001",
        "P52A-FISCAD-B2-001",
        "P52A-FISCAD-B2-002",
        "P52A-FISCAD-L-006",
        "P52A-MARG-L-005",
        "P52A-OPPC-EL-002",
        "P52B-EPOL-EL-001",
        "P52B-S3-LPMM-B1-003",
        "P52B-S3-MPT-B2-003",
        "P52B-S4-FMCO-B1-001",
        "P52B-S4-FMCO-B1-002",
        "P52B-S4-FMCO-B2-002",
        "P52B-S4-FMCO-B2-003",
        "P52B-S4-MPTX-B1-002",
        "P52B-S4-MPTX-B2-003",
        "P52B-S4-UNEM-B1-001",
        "P52B-S4-UNEM-B2-003",
        "P62D-ITP-B3-048",
        "P62D-ITP-B3-049",
        "P62D-ITP-L-095",
        "P62D-ITP-L-098",
        "P73-MARG-H-012",
        "P73-MARG-L-008",
        "P74-INC-BR-005",
        "P74-INC-H-008",
        "P74-INC-L-013",
        "P76-MODL-LB-006",
        "PG3-AD-H-001",
        "PG3-AD-H-002",
        "PG3-MEQ-L-004",
        "PG5-PC-L-006",
        "PM2A-EXP-EB-007",
        "PM2A-EXP-L-002",
        "PM2A-LRPC-EB-013",
        "PM2A-LRPC-MB-015",
        "PM2A-SAC-FB-020",
        "PM2A-SAC-LB-023",
        "PM2A-SAC-LB-024",
        "PM2A-SRPC-EB-008",
        "PM2B2-BIAS-FB-006",
        "PM2B2-DEF-L-002",
        "PM2B3-PROD-E-001",
        "PM2B3-PROD-M-001",
        "PM2B4-UTYPE-BR-001",
        "PM2C1-FED-L-002",
        "PM2C2-ITAX-EB-001",
        "PM2C2-ITAX-EB-003",
        "PM2C2-NEUT-FB-004",
        "PM2D1-LRADJ-EB-001",
        "PM2E-CH-MID-001",
        "PM2E-CH-OPEN-001",
        "PMOE-FX-L-005",
        "PMOE-NCO-B3-001",
        "PMOE-NCO-LB-002",
        "PMOE-NER-B3-002",
        "PMOE-NER-LB-002",
        "PMOE-POL-BR-001",
        "PMOE-POL-H-002",
        "PMOE-POL-LB-002",
        "PMOE-RER-EL-002",
        "PMOE-RER-LB-002",
        "PMOE-TX-L-004",
        "PMOE-TX-L-006"
      ],
      "unrelatedUnchanged": 4617
    }
  },
  "unauthorizedRecordChanges": 0,
  "preservedMetadata": true,
  "preservedRouting": true,
  "preservedGraphAssets": true,
  "protectedExistingFiles": 1895,
  "unexpectedFileChanges": [],
  "negativeProbes": [
    {
      "id": "43068",
      "field": "q",
      "rejected": true
    },
    {
      "id": "ECON-MG-EASY-1",
      "field": "feedback",
      "rejected": true
    },
    {
      "id": "43068",
      "field": "difficulty",
      "rejected": true
    }
  ],
  "publication": {
    "publishedIds": 4743,
    "canonicalExportIds": 4745,
    "unchangedUnpublishedCanonicalIds": [
      "ECON-SP-MAP-AD-AS-TO-PC-5061",
      "ECON-SP-MAP-AD-AS-TO-PC-6052"
    ],
    "allTargetsPresent": true,
    "unchangedUnpublishedTargets": [],
    "allPreviouslyPublishedTargetsPresent": true,
    "exactContentParity": true,
    "inlineScriptsCompiled": 1,
    "allTenModesPass": true,
    "answerVerification": true
  }
}
