{
  "sourceSha256": "3313dd934ecb630711f8a574d568f3a83e0200dccab5878331d0eb9aa48c1d1c",
  "integrity": {
    "concepts": 149,
    "questions": 9779,
    "graphs": 1147,
    "assets": 507
  },
  "changedIds": 672,
  "keyChecks": 672,
  "bankChecks": {
    "general": {
      "ids": 1589,
      "changedAuthorizedIds": [
        "40032",
        "PG1-SUP-L-001"
      ],
      "unrelatedUnchanged": 1587
    },
    "micro": {
      "ids": 6301,
      "changedAuthorizedIds": [
        "40032",
        "40040",
        "40041",
        "42023",
        "42028",
        "42033",
        "42038",
        "42043",
        "42047",
        "42048",
        "42053",
        "42057",
        "42058",
        "42062",
        "42065",
        "42066",
        "42067",
        "42068",
        "42071",
        "42074",
        "42075",
        "42076",
        "42077",
        "42080",
        "42083",
        "42084",
        "42085",
        "42086",
        "42089",
        "42092",
        "42093",
        "42094",
        "42095",
        "42096",
        "42102",
        "42103",
        "42108",
        "42111",
        "42164",
        "42173",
        "42179",
        "42181",
        "42182",
        "42186",
        "42189",
        "42192",
        "42195",
        "42196",
        "42197",
        "42198",
        "42203",
        "42204",
        "42206",
        "42207",
        "42322",
        "42324",
        "42325",
        "42327",
        "42329",
        "42331",
        "42334",
        "42335",
        "42337",
        "42338",
        "42341",
        "42342",
        "42343",
        "42344",
        "42346",
        "42349",
        "42350",
        "42352",
        "42353",
        "42355",
        "42357",
        "42358",
        "42360",
        "42361",
        "42363",
        "42364",
        "42365",
        "42369",
        "42371",
        "42373",
        "42375",
        "42376",
        "42377",
        "42378",
        "42381",
        "42383",
        "42514",
        "42515",
        "42516",
        "42517",
        "42518",
        "42519",
        "42544",
        "42545",
        "42546",
        "42547",
        "42548",
        "42549",
        "42550",
        "42551",
        "42552",
        "42553",
        "42554",
        "42555",
        "42556",
        "42557",
        "42558",
        "42559",
        "42562",
        "42565",
        "42566",
        "42567",
        "42569",
        "42571",
        "42572",
        "42574",
        "42575",
        "42577",
        "42578",
        "42579",
        "42581",
        "42583",
        "42585",
        "42586",
        "42587",
        "42588",
        "42590",
        "42591",
        "42593",
        "42594",
        "42601",
        "42602",
        "42605",
        "42606",
        "42607",
        "42608",
        "42609",
        "42610",
        "42611",
        "42612",
        "42613",
        "42614",
        "42615",
        "42616",
        "42618",
        "42619",
        "42620",
        "42621",
        "42622",
        "42623",
        "42624",
        "42625",
        "42627",
        "42641",
        "42642",
        "42643",
        "42644",
        "42645",
        "42646",
        "42647",
        "42648",
        "42649",
        "42650",
        "42651",
        "42652",
        "42653",
        "42654",
        "42655",
        "42656",
        "42657",
        "42658",
        "42659",
        "42660",
        "42661",
        "42662",
        "42663",
        "42664",
        "42665",
        "42666",
        "42667",
        "42668",
        "42669",
        "42670",
        "42671",
        "42672",
        "42673",
        "42674",
        "42675",
        "42676",
        "42677",
        "42678",
        "42679",
        "42680",
        "42681",
        "42682",
        "42683",
        "42684",
        "42685",
        "42686",
        "42687",
        "42688",
        "42689",
        "42690",
        "42691",
        "42692",
        "42693",
        "42694",
        "42695",
        "42696",
        "42697",
        "42698",
        "42699",
        "42700",
        "42701",
        "42702",
        "42703",
        "42704",
        "42705",
        "42706",
        "42707",
        "42708",
        "42709",
        "42710",
        "42711",
        "42712",
        "42713",
        "42714",
        "42715",
        "42716",
        "42717",
        "42718",
        "42719",
        "42722",
        "42724",
        "42725",
        "42726",
        "42729",
        "42731",
        "42734",
        "42737",
        "42739",
        "42740",
        "42741",
        "42742",
        "42743",
        "42747",
        "42753",
        "42761",
        "ECON-MG-HARD-274",
        "ECON-MG-HARD-283",
        "ECON-MG-HARD-284",
        "ECON-MG-LEGENDARY-9055",
        "ECON-MG-LEGENDARY-9057",
        "ECON-MG-LEGENDARY-9059",
        "ECON-MG-MEDIUM-186",
        "ECON-MG-MEDIUM-189",
        "P52B-PSIG-EL-001",
        "P62B-ELAS-B1-019",
        "P62B-ELAS-B1-020",
        "P62B-ELAS-B2-019",
        "P62B-ELAS-B2-020",
        "P62B-ELAS-B3-008",
        "P62B-ELAS-B3-020",
        "P62B-ELAS-E-028",
        "P62B-ELAS-E-029",
        "P62B-ELAS-EL-033",
        "P62B-ELAS-EL-038",
        "P62B-ELAS-H-016",
        "P62B-ELAS-H-027",
        "P62B-ELAS-H-028",
        "P62B-ELAS-H-034",
        "P62B-ELAS-L-070",
        "P62B-ELAS-L-091",
        "P62B-ELAS-L-093",
        "P62B-ELAS-L-095",
        "P62B-ELAS-M-008",
        "P62B-ELAS-M-028",
        "P62B-ELAS-M-037",
        "P62B-ELAS-M-039",
        "P62C-CPS-B2-007",
        "P62C-CPS-B2-008",
        "P62C-CPS-B2-009",
        "P62C-CPS-B2-010",
        "P62C-CPS-EL-017",
        "P62C-CPS-H-005",
        "P62C-CPS-H-007",
        "P62C-CPS-L-002",
        "P62C-CPS-L-007",
        "P62C-CPS-L-012",
        "P62C-CPS-L-020",
        "P62C-CPS-L-024",
        "P62C-CPS-L-028",
        "P62C-CPS-L-029",
        "P62C-CPS-L-030",
        "P62C-CPS-L-031",
        "P62C-CPS-L-045",
        "P62C-CPS-L-050",
        "P62C-CPS-L-055",
        "P62C-CPS-LB-001",
        "P62C-CPS-LB-002",
        "P62C-CPS-LB-004",
        "P62C-CPS-LB-005",
        "P62C-CPS-LB-006",
        "P62C-CPS-LB-007",
        "P62C-CPS-LB-009",
        "P62C-CPS-LB-010",
        "P62C-CPS-LB-011",
        "P62C-CPS-LB-012",
        "P62C-CPS-LB-013",
        "P62C-CPS-LB-014",
        "P62C-CPS-LB-015",
        "P62C-CPS-LB-016",
        "P62C-CPS-LB-017",
        "P62C-CPS-LB-018",
        "P62C-CPS-LB-019",
        "P62C-CPS-LB-020",
        "P62C-CPS-LB-022",
        "P62C-CPS-M-029",
        "P62C-CPS-M-030",
        "P62C-CPS-R-001",
        "P62C-CPS-R-005",
        "P62C-CPS-R-007",
        "P62C-CPS-R-009",
        "P62C-CPS-R-011",
        "P62C-CPS-R-017",
        "P62D-ITP-B1-019",
        "P62D-ITP-B1-020",
        "P62D-ITP-H-003",
        "P62D-ITP-LB-016",
        "P62D-ITP-LB-017",
        "P62D-ITP-LB-034",
        "P62D-ITP-LB-035",
        "P62E-COP-B1-002",
        "P62E-COP-B1-007",
        "P62E-COP-B1-018",
        "P62E-COP-B1-019",
        "P62E-COP-B1-020",
        "P62E-COP-B2-019",
        "P62E-COP-B2-020",
        "P62E-COP-B2-021",
        "P62E-COP-B2-022",
        "P62E-COP-B2-023",
        "P62E-COP-B2-024",
        "P62E-COP-B2-025",
        "P62E-COP-B2-026",
        "P62E-COP-B2-034",
        "P62E-COP-B2-035",
        "P62E-COP-B2-036",
        "P62E-COP-B2-038",
        "P62E-COP-B3-054",
        "P62E-COP-C-001",
        "P62E-COP-C-002",
        "P62E-COP-C-003",
        "P62E-COP-C-004",
        "P62E-COP-C-005",
        "P62E-COP-C-006",
        "P62E-COP-C-007",
        "P62E-COP-C-008",
        "P62E-COP-C-011",
        "P62E-COP-C-012",
        "P62E-COP-C-013",
        "P62E-COP-C-014",
        "P62E-COP-C-015",
        "P62E-COP-C-016",
        "P62E-COP-C-017",
        "P62E-COP-C-018",
        "P62E-COP-C-019",
        "P62E-COP-C-020",
        "P62E-COP-C-021",
        "P62E-COP-C-022",
        "P62E-COP-C-023",
        "P62E-COP-C-024",
        "P62E-COP-C-025",
        "P62E-COP-C-026",
        "P62E-COP-C-027",
        "P62E-COP-C-028",
        "P62E-COP-EL-007",
        "P62E-COP-EL-037",
        "P62E-COP-EL-039",
        "P62E-COP-EL-040",
        "P62E-COP-H-013",
        "P62E-COP-H-017",
        "P62E-COP-H-018",
        "P62E-COP-H-019",
        "P62E-COP-H-035",
        "P62E-COP-H-038",
        "P62E-COP-H-039",
        "P62E-COP-H-041",
        "P62E-COP-H-042",
        "P62E-COP-H-043",
        "P62E-COP-H-044",
        "P62E-COP-L-002",
        "P62E-COP-L-005",
        "P62E-COP-L-011",
        "P62E-COP-L-025",
        "P62E-COP-L-026",
        "P62E-COP-L-045",
        "P62E-COP-L-046",
        "P62E-COP-L-047",
        "P62E-COP-L-048",
        "P62E-COP-L-049",
        "P62E-COP-L-052",
        "P62E-COP-L-053",
        "P62E-COP-L-054",
        "P62E-COP-L-057",
        "P62E-COP-L-058",
        "P62E-COP-L-059",
        "P62E-COP-L-060",
        "P62E-COP-L-091",
        "P62E-COP-L-095",
        "P62E-COP-M-001",
        "P62E-COP-M-002",
        "P62E-COP-M-003",
        "P62E-COP-M-004",
        "P62E-COP-M-005",
        "P62E-COP-M-006",
        "P62E-COP-M-007",
        "P62E-COP-M-008",
        "P62E-COP-M-009",
        "P62E-COP-M-010",
        "P62E-COP-M-011",
        "P62E-COP-M-012",
        "P62E-COP-M-013",
        "P62E-COP-M-014",
        "P62E-COP-M-015",
        "P62E-COP-M-016",
        "P62E-COP-M-017",
        "P62E-COP-M-018",
        "P62E-COP-M-019",
        "P62E-COP-M-020",
        "P62E-COP-M-021",
        "P62E-COP-M-024",
        "P62E-COP-M-026",
        "P62E-COP-M-040",
        "P62E-COP-R-003",
        "P62F-PC-B1-005",
        "P62F-PC-B1-019",
        "P62F-PC-B1-020",
        "P62F-PC-B2-024",
        "P62F-PC-B2-025",
        "P62F-PC-B2-036",
        "P62F-PC-B2-037",
        "P62F-PC-B3-055",
        "P62F-PC-B3-056",
        "P62F-PC-B3-057",
        "P62F-PC-B3-058",
        "P62F-PC-EL-001",
        "P62F-PC-EL-002",
        "P62F-PC-EL-003",
        "P62F-PC-EL-004",
        "P62F-PC-EL-005",
        "P62F-PC-EL-006",
        "P62F-PC-EL-007",
        "P62F-PC-EL-008",
        "P62F-PC-EL-009",
        "P62F-PC-EL-010",
        "P62F-PC-EL-012",
        "P62F-PC-EL-018",
        "P62F-PC-EL-024",
        "P62F-PC-EL-033",
        "P62F-PC-EL-034",
        "P62F-PC-EL-036",
        "P62F-PC-EL-037",
        "P62F-PC-EL-038",
        "P62F-PC-EL-039",
        "P62F-PC-EL-040",
        "P62F-PC-EL-042",
        "P62F-PC-EL-043",
        "P62F-PC-EL-044",
        "P62F-PC-H-011",
        "P62F-PC-H-012",
        "P62F-PC-H-013",
        "P62F-PC-H-014",
        "P62F-PC-H-015",
        "P62F-PC-H-016",
        "P62F-PC-H-017",
        "P62F-PC-H-018",
        "P62F-PC-H-019",
        "P62F-PC-H-038",
        "P62F-PC-H-042",
        "P62F-PC-H-045",
        "P62F-PC-H-046",
        "P62F-PC-H-047",
        "P62F-PC-L-001",
        "P62F-PC-L-002",
        "P62F-PC-L-003",
        "P62F-PC-L-004",
        "P62F-PC-L-006",
        "P62F-PC-L-007",
        "P62F-PC-L-008",
        "P62F-PC-L-009",
        "P62F-PC-L-011",
        "P62F-PC-L-012",
        "P62F-PC-L-013",
        "P62F-PC-L-014",
        "P62F-PC-L-031",
        "P62F-PC-L-032",
        "P62F-PC-L-033",
        "P62F-PC-L-034",
        "P62F-PC-L-035",
        "P62F-PC-L-036",
        "P62F-PC-L-037",
        "P62F-PC-L-038",
        "P62F-PC-L-039",
        "P62F-PC-L-040",
        "P62F-PC-L-041",
        "P62F-PC-L-042",
        "P62F-PC-L-043",
        "P62F-PC-L-044",
        "P62F-PC-L-045",
        "P62F-PC-L-061",
        "P62F-PC-L-062",
        "P62F-PC-L-063",
        "P62F-PC-L-064",
        "P62F-PC-L-065",
        "P62F-PC-L-066",
        "P62F-PC-L-067",
        "P62F-PC-L-068",
        "P62F-PC-L-069",
        "P62F-PC-L-070",
        "P62F-PC-L-071",
        "P62F-PC-L-072",
        "P62F-PC-L-073",
        "P62F-PC-L-074",
        "P62F-PC-L-075",
        "P62F-PC-L-091",
        "P62F-PC-L-092",
        "P62F-PC-L-093",
        "P62F-PC-L-094",
        "P62F-PC-L-095",
        "P62F-PC-L-096",
        "P62F-PC-L-097",
        "P62F-PC-L-099",
        "P62F-PC-LB-013",
        "P62F-PC-LB-015",
        "P62F-PC-LB-016",
        "P62F-PC-LB-017",
        "P62F-PC-LB-018",
        "P62F-PC-M-032",
        "P62F-PC-M-036",
        "P62F-PC-M-037",
        "P62F-PC-M-040",
        "P62F-PC-M-041",
        "P62F-PC-M-043",
        "P62F-PC-M-046",
        "P62F-PC-M-047",
        "P62F-PC-M-048",
        "P62G-MON-B2-020",
        "P62G-MON-B2-023",
        "P62G-MON-B2-026",
        "P62G-MON-B2-029",
        "P62G-MON-B2-032",
        "P62G-MON-B2-035",
        "P62G-MON-B3-057",
        "P62G-MON-B3-058",
        "P62G-MON-EL-001",
        "P62G-MON-EL-003",
        "P62G-MON-EL-005",
        "P62G-MON-EL-007",
        "P62G-MON-EL-009",
        "P62G-MON-EL-011",
        "P62G-MON-EL-013",
        "P62G-MON-EL-015",
        "P62G-MON-EL-031",
        "P62G-MON-EL-032",
        "P62G-MON-EL-033",
        "P62G-MON-EL-034",
        "P62G-MON-EL-036",
        "P62G-MON-EL-037",
        "P62G-MON-EL-038",
        "P62G-MON-EL-039",
        "P62G-MON-EL-040",
        "P62G-MON-H-002",
        "P62G-MON-H-003",
        "P62G-MON-H-004",
        "P62G-MON-H-005",
        "P62G-MON-H-006",
        "P62G-MON-H-007",
        "P62G-MON-H-008",
        "P62G-MON-H-009",
        "P62G-MON-H-010",
        "P62G-MON-H-011",
        "P62G-MON-H-012",
        "P62G-MON-H-031",
        "P62G-MON-H-032",
        "P62G-MON-H-034",
        "P62G-MON-H-036",
        "P62G-MON-H-041",
        "P62G-MON-H-043",
        "P62G-MON-L-093",
        "P62G-MON-L-094",
        "P62H-MCMP-B2-020",
        "P62H-MCMP-B3-039",
        "P62H-MCMP-B3-042",
        "P62H-MCMP-B3-045",
        "P62H-MCMP-B3-048",
        "P62H-MCMP-B3-051",
        "P62H-MCMP-B3-054",
        "P62H-MCMP-B3-055",
        "P62H-MCMP-EL-016",
        "P62H-MCMP-EL-017",
        "P62H-MCMP-EL-018",
        "P62H-MCMP-EL-020",
        "P62H-MCMP-EL-021",
        "P62H-MCMP-EL-022",
        "P62H-MCMP-EL-023",
        "P62H-MCMP-EL-024",
        "P62H-MCMP-EL-025",
        "P62H-MCMP-EL-031",
        "P62H-MCMP-EL-032",
        "P62H-MCMP-EL-033",
        "P62H-MCMP-EL-034",
        "P62H-MCMP-EL-035",
        "P62H-MCMP-EL-036",
        "P62H-MCMP-EL-037",
        "P62H-MCMP-H-013",
        "P62H-MCMP-H-014",
        "P62H-MCMP-H-015",
        "P62H-MCMP-H-016",
        "P62H-MCMP-H-017",
        "P62H-MCMP-H-018",
        "P62H-MCMP-H-019",
        "P62H-MCMP-H-020",
        "P62H-MCMP-H-021",
        "P62H-MCMP-H-032",
        "P62H-MCMP-H-034",
        "P62H-MCMP-H-036",
        "P62H-MCMP-H-037",
        "P62H-MCMP-H-038",
        "P62H-MCMP-H-039",
        "P62H-MCMP-L-032",
        "P62H-MCMP-L-035",
        "P62H-MCMP-L-038",
        "P62H-MCMP-L-041",
        "P62H-MCMP-L-044",
        "P62H-MCMP-L-091",
        "P62H-MCMP-L-092",
        "P62H-MCMP-L-093",
        "P62H-MCMP-L-094",
        "P62H-MCMP-L-095",
        "P62I-OLI-EL-007",
        "P62I-OLI-H-010",
        "P62I-OLI-H-012",
        "P62I-OLI-H-013",
        "P62I-OLI-H-016",
        "P62I-OLI-H-018",
        "P62I-OLI-H-019",
        "P62I-OLI-L-004",
        "P62I-OLI-L-010",
        "P62I-OLI-L-072",
        "P62I-OLI-L-073",
        "P62I-OLI-L-074",
        "P62I-OLI-LB-007",
        "P62I-OLI-LB-015",
        "P62I-OLI-LB-016",
        "P62I-OLI-LB-017",
        "P62I-OLI-LB-018",
        "P62I-OLI-LB-019",
        "P62I-OLI-LB-020",
        "P62I-OLI-LB-021",
        "P62I-OLI-LB-024",
        "P62I-OLI-LB-027",
        "PG1-SUP-L-001",
        "PMC-COP-R-010",
        "PMC-COP-R-025",
        "PMC-COP-R-068",
        "PMC-COP-R-117",
        "PMS-ELAS-R-029"
      ],
      "unrelatedUnchanged": 5629
    },
    "macro": {
      "ids": 4745,
      "changedAuthorizedIds": [
        "40032",
        "PG1-SUP-L-001"
      ],
      "unrelatedUnchanged": 4743
    }
  },
  "unauthorizedRecordChanges": 0,
  "preservedMetadata": true,
  "preservedRouting": true,
  "preservedGraphAssets": true,
  "protectedExistingFiles": 1882,
  "unexpectedFileChanges": [],
  "negativeProbes": [
    {
      "id": "40032",
      "field": "q",
      "rejected": true
    },
    {
      "id": "ECON-MG-EASY-1",
      "field": "feedback",
      "rejected": true
    },
    {
      "id": "40032",
      "field": "difficulty",
      "rejected": true
    }
  ],
  "publication": {
    "publishedIds": 6276,
    "canonicalExportIds": 6301,
    "unchangedUnpublishedCanonicalIds": [
      "ECON-MG-CORE-MARKET-FAILURE-30006",
      "ECON-MG-CORE-MARKETS-30011",
      "ECON-MG-EASY-11",
      "ECON-MG-EASY-15",
      "ECON-MG-EASYBOSS-2015",
      "ECON-MG-EASYBOSS-2017",
      "P52B-MFAIL-H-004",
      "P77-MFAIL-BR-040",
      "P77-MFAIL-EL-015",
      "P77-MFAIL-FINALB-025",
      "P77-MFAIL-FINALB-026",
      "P77-MFAIL-FINALB-027",
      "P77-MFAIL-H-010",
      "P77-MFAIL-H-011",
      "P77-MFAIL-H-013",
      "P77-MFAIL-L-018",
      "P77-MFAIL-L-021",
      "P77-MFAIL-L-024",
      "P77-MFAIL-LB-028",
      "P77-MFAIL-LB-030",
      "P77-MFAIL-LB-032",
      "P77-MFAIL-M-008",
      "P77-MFAIL-R-033",
      "P77-MFAIL-R-034",
      "P77-MFAIL-R-037"
    ],
    "allTargetsPresent": true,
    "exactContentParity": true,
    "inlineScriptsCompiled": 1,
    "allTenModesPass": true,
    "answerVerification": true
  }
}
