FAIL run_faculty_outcome_validation.js
AssertionError [ERR_ASSERTION]: Mixed outcomes support all ten modes: Legendary Mode: legendaryBoss ECON-NL-LEGENDARYBOSS-9104: Invalid: pool/difficulty; Legendary Mode: legendaryBoss PM2B1-RNGDP-LB-001: Invalid: pool/difficulty
    at check (C:\Users\Jennings\Documents\GitHub\masteryquests-website\build\faculty-build-composer\tests\run_faculty_outcome_validation.js:10:44)
    at run (C:\Users\Jennings\Documents\GitHub\masteryquests-website\build\faculty-build-composer\tests\run_faculty_outcome_validation.js:68:2)
    at Object.<anonymous> (C:\Users\Jennings\Documents\GitHub\masteryquests-website\build\faculty-build-composer\tests\run_faculty_outcome_validation.js:87:1)
    at Module._compile (node:internal/modules/cjs/loader:1872:14)
    at Object..js (node:internal/modules/cjs/loader:2003:10)
    at Module.load (node:internal/modules/cjs/loader:1594:32)
    at Module._load (node:internal/modules/cjs/loader:1396:12)
    at wrapModuleLoad (node:internal/modules/cjs/loader:255:19)
    at Module.executeUserEntryPoint [as runMain] (node:internal/modules/run_main:154:5)
    at node:internal/main/run_main_module:33:47 {
  generatedMessage: false,
  code: 'ERR_ASSERTION',
  actual: false,
  expected: true,
  operator: '==',
  diff: 'simple'
}
FAIL run_content_scope_validation.js
AssertionError [ERR_ASSERTION]: Mixed-depth quest passes all modes: Legendary Mode: legendaryBoss ECON-NL-LEGENDARYBOSS-9104: Invalid: pool/difficulty; Legendary Mode: legendaryBoss PM2B1-RNGDP-LB-001: Invalid: pool/difficulty
    at check (C:\Users\Jennings\Documents\GitHub\masteryquests-website\build\faculty-build-composer\tests\run_content_scope_validation.js:27:32)
    at run (C:\Users\Jennings\Documents\GitHub\masteryquests-website\build\faculty-build-composer\tests\run_content_scope_validation.js:101:3) {
  generatedMessage: false,
  code: 'ERR_ASSERTION',
  actual: false,
  expected: true,
  operator: '==',
  diff: 'simple'
}
PASS run_default_character_set_validation.js
PASS run_exam_navigation_boss_reveal_validation.js
PASS run_checkpoint_artifact_exam_integrity_validation.js
PASS run_guide_intro_validation.js
PASS run_phase1_targeted_repair_validation.js
PASS run_phase15_production_hardening_validation.js
PASS run_visibility_aware_telemetry_validation.js
FAIL run_generated_telemetry_smoke.js
Error: Composer generation failed:
Standard Campaign: easyBoss needs 3, found 0; mediumBoss needs 3, found 0
    at Object.buildFacultyGame (C:\Users\Jennings\Documents\GitHub\masteryquests-website\build\faculty-build-composer\tests\composer-test-helpers.js:118:11)
    at run (C:\Users\Jennings\Documents\GitHub\masteryquests-website\build\faculty-build-composer\tests\run_generated_telemetry_smoke.js:23:31)
    at Object.<anonymous> (C:\Users\Jennings\Documents\GitHub\masteryquests-website\build\faculty-build-composer\tests\run_generated_telemetry_smoke.js:48:3)
    at Module._compile (node:internal/modules/cjs/loader:1872:14)
    at Object..js (node:internal/modules/cjs/loader:2003:10)
    at Module.load (node:internal/modules/cjs/loader:1594:32)
    at Module._load (node:internal/modules/cjs/loader:1396:12)
    at wrapModuleLoad (node:internal/modules/cjs/loader:255:19)
    at Module.executeUserEntryPoint [as runMain] (node:internal/modules/run_main:154:5)
    at node:internal/main/run_main_module:33:47
PASS run_phase3a_official_theme_validation.js
PASS run_phase3b_custom_asset_validation.js
PASS run_phase3e_graph_question_sync_validation.mjs
PASS run_question_quality_auditor_validation.mjs
FAIL run_macro_phase2_taxonomy_validation.mjs
node:internal/modules/run_main:107
    triggerUncaughtException(
    ^

AssertionError [ERR_ASSERTION]: Exact current state including untouched fields ECON-SP-HARD-214
+ actual - expected

  {
    aHash: 'ed760d6cb58dd7cef125545c0d5f6eff955cb2b60c696d92521af4128f662927',
+   canonicalDifficulty: 'medium',
-   canonicalDifficulty: 'hard',
    canonicalId: 'ECON-SP-HARD-214',
    commonError: 'Ignoring LRAS after an AD shift.',
    conceptCluster: 'ad_as_graphs',
+   difficulty: 'medium',
-   difficulty: 'hard',
    familyConceptId: 'ad-as-equilibrium',
    feedback: 'The economy moves to Y2, which is above natural output, so it creates an expansionary gap.',
    id: 'ECON-SP-HARD-214',
    image: 'question-assets/aggregate-demand/adaslras.webp',
    instructionalRole: 'main',

    at Object.assertCurrentLibrary (C:\Users\Jennings\Documents\GitHub\masteryquests-website\build\faculty-build-composer\tests\microeconomics-approved-revisions.js:60:44)
    at file:///C:/Users/Jennings/Documents/GitHub/masteryquests-website/build/faculty-build-composer/tests/run_macro_phase2_taxonomy_validation.mjs:98:7
    at ModuleJob.run (node:internal/modules/esm/module_job:439:25)
    at async node:internal/modules/esm/loader:643:26
    at async asyncRunEntryPointWithESMLoader (node:internal/modules/run_main:101:5) {
  generatedMessage: false,
  code: 'ERR_ASSERTION',
  actual: {
    id: 'ECON-SP-HARD-214',
    q: 'Refer to the graph with LRAS. If the economy starts at AD1-AS2 and AD shifts to AD2, what gap appears?',
    options: [
      'Expansionary gap',
      'Recessionary gap',
      'No output gap',
      'Supply gap'
    ],
    tag: 'output_gaps',
    type: 'graph_interpretation',
    objective: 'LO34.5',
    difficulty: 'medium',
    conceptCluster: 'ad_as_graphs',
    primarySkill: 'classify_output_gap',
    repairSkill: 'classify_output_gap',
    commonError: 'Ignoring LRAS after an AD shift.',
    feedback: 'The economy moves to Y2, which is above natural output, so it creates an expansionary gap.',
    image: 'question-assets/aggregate-demand/adaslras.webp',
    aHash: 'ed760d6cb58dd7cef125545c0d5f6eff955cb2b60c696d92521af4128f662927',
    canonicalId: 'ECON-SP-HARD-214',
    sourceId: 214,
    sourceGame: 'stabilization-protocol',
    sourceChapter: [ 34 ],
    sourcePool: 'hard',
    sourceHash: '577ba1498982bce8ee78b17624d8c9ea55272ad28fc6d232d0d9b3a2f00b0616',
    sourceOccurrences: [
      {
        sourceGame: 'stabilization-protocol',
        sourceFile: 'C:\\Users\\Jennings\\Desktop\\Mastery Quests\\phase4-production\\phase4.2-economic-realm-deployment-bundles\\stabilization-protocol\\stabilization_protocol_questions_student.js',
        sourceGlobal: 'questionBanks',
        sourcePool: 'hard',
        routeKey: null,
        sourceRecordOrder: 14,
        sourceId: 214,
        sourceHash: '577ba1498982bce8ee78b17624d8c9ea55272ad28fc6d232d0d9b3a2f00b0616'
      }
    ],
    primaryConceptId: 'ad-as-equilibrium-and-output-gaps',
    secondaryConceptIds: [],
    instructionalRole: 'main',
    canonicalDifficulty: 'medium',
    originalSourcePool: 'hard',
    originalBossTier: null,
    sourcePrimaryConceptId: 'long-run-macroeconomic-adjustment',
    familyConceptId: 'ad-as-equilibrium',
    subtopicIds: [ 'ad-as-equilibrium-and-output-gaps' ]
  },
  expected: {
    id: 'ECON-SP-HARD-214',
    q: 'Refer to the graph with LRAS. If the economy starts at AD1-AS2 and AD shifts to AD2, what gap appears?',
    options: [
      'Expansionary gap',
      'Recessionary gap',
      'No output gap',
      'Supply gap'
    ],
    tag: 'output_gaps',
    type: 'graph_interpretation',
    objective: 'LO34.5',
    difficulty: 'hard',
    conceptCluster: 'ad_as_graphs',
    primarySkill: 'classify_output_gap',
    repairSkill: 'classify_output_gap',
    commonError: 'Ignoring LRAS after an AD shift.',
    feedback: 'The economy moves to Y2, which is above natural output, so it creates an expansionary gap.',
    image: 'question-assets/aggregate-demand/adaslras.webp',
    aHash: 'ed760d6cb58dd7cef125545c0d5f6eff955cb2b60c696d92521af4128f662927',
    canonicalId: 'ECON-SP-HARD-214',
    sourceId: 214,
    sourceGame: 'stabilization-protocol',
    sourceChapter: [ 34 ],
    sourcePool: 'hard',
    sourceHash: '577ba1498982bce8ee78b17624d8c9ea55272ad28fc6d232d0d9b3a2f00b0616',
    sourceOccurrences: [
      {
        sourceGame: 'stabilization-protocol',
        sourceFile: 'C:\\Users\\Jennings\\Desktop\\Mastery Quests\\phase4-production\\phase4.2-economic-realm-deployment-bundles\\stabilization-protocol\\stabilization_protocol_questions_student.js',
        sourceGlobal: 'questionBanks',
        sourcePool: 'hard',
        routeKey: null,
        sourceRecordOrder: 14,
        sourceId: 214,
        sourceHash: '577ba1498982bce8ee78b17624d8c9ea55272ad28fc6d232d0d9b3a2f00b0616'
      }
    ],
    primaryConceptId: 'ad-as-equilibrium-and-output-gaps',
    secondaryConceptIds: [],
    instructionalRole: 'main',
    canonicalDifficulty: 'hard',
    originalSourcePool: 'hard',
    originalBossTier: null,
    sourcePrimaryConceptId: 'long-run-macroeconomic-adjustment',
    familyConceptId: 'ad-as-equilibrium',
    subtopicIds: [ 'ad-as-equilibrium-and-output-gaps' ]
  },
  operator: 'deepStrictEqual',
  diff: 'simple'
}

Node.js v24.19.0
PASS run_checkpoint_remediation_design_change_validation.mjs
PASS run_legendary_final_checkpoint_validation.mjs
FAIL run_question_bank_comprehensive_validation.mjs
node:internal/modules/run_main:107
    triggerUncaughtException(
    ^

AssertionError [ERR_ASSERTION]: Exact current state including untouched fields ECON-SP-HARD-214
+ actual - expected

  {
    aHash: 'ed760d6cb58dd7cef125545c0d5f6eff955cb2b60c696d92521af4128f662927',
+   canonicalDifficulty: 'medium',
-   canonicalDifficulty: 'hard',
    canonicalId: 'ECON-SP-HARD-214',
    commonError: 'Ignoring LRAS after an AD shift.',
    conceptCluster: 'ad_as_graphs',
+   difficulty: 'medium',
-   difficulty: 'hard',
    familyConceptId: 'ad-as-equilibrium',
    feedback: 'The economy moves to Y2, which is above natural output, so it creates an expansionary gap.',
    id: 'ECON-SP-HARD-214',
    image: 'question-assets/aggregate-demand/adaslras.webp',
    instructionalRole: 'main',

    at Object.assertCurrentLibrary (C:\Users\Jennings\Documents\GitHub\masteryquests-website\build\faculty-build-composer\tests\microeconomics-approved-revisions.js:60:44)
    at file:///C:/Users/Jennings/Documents/GitHub/masteryquests-website/build/faculty-build-composer/tests/run_question_bank_comprehensive_validation.mjs:20:7
    at ModuleJob.run (node:internal/modules/esm/module_job:439:25)
    at async node:internal/modules/esm/loader:643:26
    at async asyncRunEntryPointWithESMLoader (node:internal/modules/run_main:101:5) {
  generatedMessage: false,
  code: 'ERR_ASSERTION',
  actual: {
    id: 'ECON-SP-HARD-214',
    q: 'Refer to the graph with LRAS. If the economy starts at AD1-AS2 and AD shifts to AD2, what gap appears?',
    options: [
      'Expansionary gap',
      'Recessionary gap',
      'No output gap',
      'Supply gap'
    ],
    tag: 'output_gaps',
    type: 'graph_interpretation',
    objective: 'LO34.5',
    difficulty: 'medium',
    conceptCluster: 'ad_as_graphs',
    primarySkill: 'classify_output_gap',
    repairSkill: 'classify_output_gap',
    commonError: 'Ignoring LRAS after an AD shift.',
    feedback: 'The economy moves to Y2, which is above natural output, so it creates an expansionary gap.',
    image: 'question-assets/aggregate-demand/adaslras.webp',
    aHash: 'ed760d6cb58dd7cef125545c0d5f6eff955cb2b60c696d92521af4128f662927',
    canonicalId: 'ECON-SP-HARD-214',
    sourceId: 214,
    sourceGame: 'stabilization-protocol',
    sourceChapter: [ 34 ],
    sourcePool: 'hard',
    sourceHash: '577ba1498982bce8ee78b17624d8c9ea55272ad28fc6d232d0d9b3a2f00b0616',
    sourceOccurrences: [
      {
        sourceGame: 'stabilization-protocol',
        sourceFile: 'C:\\Users\\Jennings\\Desktop\\Mastery Quests\\phase4-production\\phase4.2-economic-realm-deployment-bundles\\stabilization-protocol\\stabilization_protocol_questions_student.js',
        sourceGlobal: 'questionBanks',
        sourcePool: 'hard',
        routeKey: null,
        sourceRecordOrder: 14,
        sourceId: 214,
        sourceHash: '577ba1498982bce8ee78b17624d8c9ea55272ad28fc6d232d0d9b3a2f00b0616'
      }
    ],
    primaryConceptId: 'ad-as-equilibrium-and-output-gaps',
    secondaryConceptIds: [],
    instructionalRole: 'main',
    canonicalDifficulty: 'medium',
    originalSourcePool: 'hard',
    originalBossTier: null,
    sourcePrimaryConceptId: 'long-run-macroeconomic-adjustment',
    familyConceptId: 'ad-as-equilibrium',
    subtopicIds: [ 'ad-as-equilibrium-and-output-gaps' ]
  },
  expected: {
    id: 'ECON-SP-HARD-214',
    q: 'Refer to the graph with LRAS. If the economy starts at AD1-AS2 and AD shifts to AD2, what gap appears?',
    options: [
      'Expansionary gap',
      'Recessionary gap',
      'No output gap',
      'Supply gap'
    ],
    tag: 'output_gaps',
    type: 'graph_interpretation',
    objective: 'LO34.5',
    difficulty: 'hard',
    conceptCluster: 'ad_as_graphs',
    primarySkill: 'classify_output_gap',
    repairSkill: 'classify_output_gap',
    commonError: 'Ignoring LRAS after an AD shift.',
    feedback: 'The economy moves to Y2, which is above natural output, so it creates an expansionary gap.',
    image: 'question-assets/aggregate-demand/adaslras.webp',
    aHash: 'ed760d6cb58dd7cef125545c0d5f6eff955cb2b60c696d92521af4128f662927',
    canonicalId: 'ECON-SP-HARD-214',
    sourceId: 214,
    sourceGame: 'stabilization-protocol',
    sourceChapter: [ 34 ],
    sourcePool: 'hard',
    sourceHash: '577ba1498982bce8ee78b17624d8c9ea55272ad28fc6d232d0d9b3a2f00b0616',
    sourceOccurrences: [
      {
        sourceGame: 'stabilization-protocol',
        sourceFile: 'C:\\Users\\Jennings\\Desktop\\Mastery Quests\\phase4-production\\phase4.2-economic-realm-deployment-bundles\\stabilization-protocol\\stabilization_protocol_questions_student.js',
        sourceGlobal: 'questionBanks',
        sourcePool: 'hard',
        routeKey: null,
        sourceRecordOrder: 14,
        sourceId: 214,
        sourceHash: '577ba1498982bce8ee78b17624d8c9ea55272ad28fc6d232d0d9b3a2f00b0616'
      }
    ],
    primaryConceptId: 'ad-as-equilibrium-and-output-gaps',
    secondaryConceptIds: [],
    instructionalRole: 'main',
    canonicalDifficulty: 'hard',
    originalSourcePool: 'hard',
    originalBossTier: null,
    sourcePrimaryConceptId: 'long-run-macroeconomic-adjustment',
    familyConceptId: 'ad-as-equilibrium',
    subtopicIds: [ 'ad-as-equilibrium-and-output-gaps' ]
  },
  operator: 'deepStrictEqual',
  diff: 'simple'
}

Node.js v24.19.0
FAIL run_concept_review_integration.js
Error: E composition failed: Standard Campaign: easyBoss needs 3, found 0; mediumBoss needs 3, found 0; Legendary Mode: legendaryBoss LG-Q-9130: Invalid: pool/difficulty; Legendary Mode: legendaryBoss LG-Q-9137: Invalid: pool/difficulty; Legendary Mode: legendaryBoss P52B-S3-LPMM-LB-001: Invalid: pool/difficulty; Legendary Mode: legendaryBoss LG-Q-9138: Invalid: pool/difficulty; Legendary Mode: legendaryBoss PM2C3-MPTX-LB-001: Invalid: pool/difficulty; Legendary Mode: legendaryBoss LG-Q-9142: Invalid: pool/difficulty; Legendary Mode: legendaryBoss P52A-FISCAD-LB-001: Invalid: pool/difficulty; Legendary Mode: legendaryBoss P52A-FISCAD-LB-002: Invalid: pool/difficulty; Legendary Mode: legendaryBoss LG-Q-9133: Invalid: pool/difficulty; Legendary Mode: legendaryBoss LG-Q-9134: Invalid: pool/difficulty; Legendary Mode: legendaryBoss LG-Q-9141: Invalid: pool/difficulty; Legendary Mode: legendaryBoss LG-Q-9135: Invalid: pool/difficulty; Legendary Mode: legendaryBoss LG-Q-9140: Invalid: pool/difficulty; Legendary Mode: legendaryBoss LG-Q-9143: Invalid: pool/difficulty; Legendary Mode: legendaryBoss LG-Q-9144: Invalid: pool/difficulty; Legendary Mode: legendaryBoss P52A-AD-LB-002: Invalid: pool/difficulty; Legendary Mode: legendaryBoss P52A-AD-LB-003: Invalid: pool/difficulty; Legendary Mode: legendaryBoss PM2D1-LRADJ-LB-001: Invalid: pool/difficulty; Legendary Mode: legendaryBoss PM2A-SRPC-LB-013: Invalid: pool/difficulty; Legendary Mode: legendaryBoss PM2A-SRPC-LB-014: Invalid: pool/difficulty; Legendary Mode: legendaryBoss PM2A-LRPC-LB-018: Invalid: pool/difficulty; Legendary Mode: legendaryBoss PM2A-LRPC-LB-020: Invalid: pool/difficulty; Legendary Mode: legendaryBoss PM2A-DIS-LB-018: Invalid: pool/difficulty; Legendary Mode: legendaryBoss PM2A-DIS-LB-019: Invalid: pool/difficulty; Legendary Mode: legendaryBoss PM2A-SAC-LB-023: Invalid: pool/difficulty; Legendary Mode: legendaryBoss PM2A-SAC-LB-025: Invalid: pool/difficulty; Score Attack: easyBoss needs 3, found 0; mediumBoss needs 3, found 0
    at assert (C:\Users\Jennings\Documents\GitHub\masteryquests-website\build\faculty-build-composer\tests\run_concept_review_integration.js:31:24)
    at run (C:\Users\Jennings\Documents\GitHub\masteryquests-website\build\faculty-build-composer\tests\run_concept_review_integration.js:274:7)
PASS run_mastery_report_concept_reviews.js
PASS run_mastery_report_2_validation.js
PASS run_mastery_report_state_leak_hotfix.js
PASS run_mode_availability_fix.js
PASS run_quiz_mode_validation.js
PASS run_unlimited_practice_validation.js
FAIL run_trial_by_graph_validation.js
node:internal/process/promises:394
    triggerUncaughtException(err, true /* fromPromise */);
    ^

AssertionError [ERR_ASSERTION]: Exact current state including untouched fields ECON-SP-HARD-214
+ actual - expected

  {
    aHash: 'ed760d6cb58dd7cef125545c0d5f6eff955cb2b60c696d92521af4128f662927',
+   canonicalDifficulty: 'medium',
-   canonicalDifficulty: 'hard',
    canonicalId: 'ECON-SP-HARD-214',
    commonError: 'Ignoring LRAS after an AD shift.',
    conceptCluster: 'ad_as_graphs',
+   difficulty: 'medium',
-   difficulty: 'hard',
    familyConceptId: 'ad-as-equilibrium',
    feedback: 'The economy moves to Y2, which is above natural output, so it creates an expansionary gap.',
    id: 'ECON-SP-HARD-214',
    image: 'question-assets/aggregate-demand/adaslras.webp',
    instructionalRole: 'main',

    at Object.assertCurrentLibrary (C:\Users\Jennings\Documents\GitHub\masteryquests-website\build\faculty-build-composer\tests\microeconomics-approved-revisions.js:60:44)
    at C:\Users\Jennings\Documents\GitHub\masteryquests-website\build\faculty-build-composer\tests\run_trial_by_graph_validation.js:120:9 {
  generatedMessage: false,
  code: 'ERR_ASSERTION',
  actual: {
    id: 'ECON-SP-HARD-214',
    q: 'Refer to the graph with LRAS. If the economy starts at AD1-AS2 and AD shifts to AD2, what gap appears?',
    options: [
      'Expansionary gap',
      'Recessionary gap',
      'No output gap',
      'Supply gap'
    ],
    tag: 'output_gaps',
    type: 'graph_interpretation',
    objective: 'LO34.5',
    difficulty: 'medium',
    conceptCluster: 'ad_as_graphs',
    primarySkill: 'classify_output_gap',
    repairSkill: 'classify_output_gap',
    commonError: 'Ignoring LRAS after an AD shift.',
    feedback: 'The economy moves to Y2, which is above natural output, so it creates an expansionary gap.',
    image: 'question-assets/aggregate-demand/adaslras.webp',
    aHash: 'ed760d6cb58dd7cef125545c0d5f6eff955cb2b60c696d92521af4128f662927',
    canonicalId: 'ECON-SP-HARD-214',
    sourceId: 214,
    sourceGame: 'stabilization-protocol',
    sourceChapter: [ 34 ],
    sourcePool: 'hard',
    sourceHash: '577ba1498982bce8ee78b17624d8c9ea55272ad28fc6d232d0d9b3a2f00b0616',
    sourceOccurrences: [
      {
        sourceGame: 'stabilization-protocol',
        sourceFile: 'C:\\Users\\Jennings\\Desktop\\Mastery Quests\\phase4-production\\phase4.2-economic-realm-deployment-bundles\\stabilization-protocol\\stabilization_protocol_questions_student.js',
        sourceGlobal: 'questionBanks',
        sourcePool: 'hard',
        routeKey: null,
        sourceRecordOrder: 14,
        sourceId: 214,
        sourceHash: '577ba1498982bce8ee78b17624d8c9ea55272ad28fc6d232d0d9b3a2f00b0616'
      }
    ],
    primaryConceptId: 'ad-as-equilibrium-and-output-gaps',
    secondaryConceptIds: [],
    instructionalRole: 'main',
    canonicalDifficulty: 'medium',
    originalSourcePool: 'hard',
    originalBossTier: null,
    sourcePrimaryConceptId: 'long-run-macroeconomic-adjustment',
    familyConceptId: 'ad-as-equilibrium',
    subtopicIds: [ 'ad-as-equilibrium-and-output-gaps' ]
  },
  expected: {
    id: 'ECON-SP-HARD-214',
    q: 'Refer to the graph with LRAS. If the economy starts at AD1-AS2 and AD shifts to AD2, what gap appears?',
    options: [
      'Expansionary gap',
      'Recessionary gap',
      'No output gap',
      'Supply gap'
    ],
    tag: 'output_gaps',
    type: 'graph_interpretation',
    objective: 'LO34.5',
    difficulty: 'hard',
    conceptCluster: 'ad_as_graphs',
    primarySkill: 'classify_output_gap',
    repairSkill: 'classify_output_gap',
    commonError: 'Ignoring LRAS after an AD shift.',
    feedback: 'The economy moves to Y2, which is above natural output, so it creates an expansionary gap.',
    image: 'question-assets/aggregate-demand/adaslras.webp',
    aHash: 'ed760d6cb58dd7cef125545c0d5f6eff955cb2b60c696d92521af4128f662927',
    canonicalId: 'ECON-SP-HARD-214',
    sourceId: 214,
    sourceGame: 'stabilization-protocol',
    sourceChapter: [ 34 ],
    sourcePool: 'hard',
    sourceHash: '577ba1498982bce8ee78b17624d8c9ea55272ad28fc6d232d0d9b3a2f00b0616',
    sourceOccurrences: [
      {
        sourceGame: 'stabilization-protocol',
        sourceFile: 'C:\\Users\\Jennings\\Desktop\\Mastery Quests\\phase4-production\\phase4.2-economic-realm-deployment-bundles\\stabilization-protocol\\stabilization_protocol_questions_student.js',
        sourceGlobal: 'questionBanks',
        sourcePool: 'hard',
        routeKey: null,
        sourceRecordOrder: 14,
        sourceId: 214,
        sourceHash: '577ba1498982bce8ee78b17624d8c9ea55272ad28fc6d232d0d9b3a2f00b0616'
      }
    ],
    primaryConceptId: 'ad-as-equilibrium-and-output-gaps',
    secondaryConceptIds: [],
    instructionalRole: 'main',
    canonicalDifficulty: 'hard',
    originalSourcePool: 'hard',
    originalBossTier: null,
    sourcePrimaryConceptId: 'long-run-macroeconomic-adjustment',
    familyConceptId: 'ad-as-equilibrium',
    subtopicIds: [ 'ad-as-equilibrium-and-output-gaps' ]
  },
  operator: 'deepStrictEqual',
  diff: 'simple'
}

Node.js v24.19.0
FAIL run_fading_fortune_validation.js
node:internal/process/promises:394
    triggerUncaughtException(err, true /* fromPromise */);
    ^

AssertionError [ERR_ASSERTION]: Exact current state including untouched fields ECON-SP-HARD-214
+ actual - expected

  {
    aHash: 'ed760d6cb58dd7cef125545c0d5f6eff955cb2b60c696d92521af4128f662927',
+   canonicalDifficulty: 'medium',
-   canonicalDifficulty: 'hard',
    canonicalId: 'ECON-SP-HARD-214',
    commonError: 'Ignoring LRAS after an AD shift.',
    conceptCluster: 'ad_as_graphs',
+   difficulty: 'medium',
-   difficulty: 'hard',
    familyConceptId: 'ad-as-equilibrium',
    feedback: 'The economy moves to Y2, which is above natural output, so it creates an expansionary gap.',
    id: 'ECON-SP-HARD-214',
    image: 'question-assets/aggregate-demand/adaslras.webp',
    instructionalRole: 'main',

    at Object.assertCurrentLibrary (C:\Users\Jennings\Documents\GitHub\masteryquests-website\build\faculty-build-composer\tests\microeconomics-approved-revisions.js:60:44)
    at C:\Users\Jennings\Documents\GitHub\masteryquests-website\build\faculty-build-composer\tests\run_fading_fortune_validation.js:59:8
    at Object.<anonymous> (C:\Users\Jennings\Documents\GitHub\masteryquests-website\build\faculty-build-composer\tests\run_fading_fortune_validation.js:97:3)
    at Module._compile (node:internal/modules/cjs/loader:1872:14)
    at Object..js (node:internal/modules/cjs/loader:2003:10)
    at Module.load (node:internal/modules/cjs/loader:1594:32)
    at Module._load (node:internal/modules/cjs/loader:1396:12)
    at wrapModuleLoad (node:internal/modules/cjs/loader:255:19)
    at Module.executeUserEntryPoint [as runMain] (node:internal/modules/run_main:154:5)
    at node:internal/main/run_main_module:33:47 {
  generatedMessage: false,
  code: 'ERR_ASSERTION',
  actual: {
    id: 'ECON-SP-HARD-214',
    q: 'Refer to the graph with LRAS. If the economy starts at AD1-AS2 and AD shifts to AD2, what gap appears?',
    options: [
      'Expansionary gap',
      'Recessionary gap',
      'No output gap',
      'Supply gap'
    ],
    tag: 'output_gaps',
    type: 'graph_interpretation',
    objective: 'LO34.5',
    difficulty: 'medium',
    conceptCluster: 'ad_as_graphs',
    primarySkill: 'classify_output_gap',
    repairSkill: 'classify_output_gap',
    commonError: 'Ignoring LRAS after an AD shift.',
    feedback: 'The economy moves to Y2, which is above natural output, so it creates an expansionary gap.',
    image: 'question-assets/aggregate-demand/adaslras.webp',
    aHash: 'ed760d6cb58dd7cef125545c0d5f6eff955cb2b60c696d92521af4128f662927',
    canonicalId: 'ECON-SP-HARD-214',
    sourceId: 214,
    sourceGame: 'stabilization-protocol',
    sourceChapter: [ 34 ],
    sourcePool: 'hard',
    sourceHash: '577ba1498982bce8ee78b17624d8c9ea55272ad28fc6d232d0d9b3a2f00b0616',
    sourceOccurrences: [
      {
        sourceGame: 'stabilization-protocol',
        sourceFile: 'C:\\Users\\Jennings\\Desktop\\Mastery Quests\\phase4-production\\phase4.2-economic-realm-deployment-bundles\\stabilization-protocol\\stabilization_protocol_questions_student.js',
        sourceGlobal: 'questionBanks',
        sourcePool: 'hard',
        routeKey: null,
        sourceRecordOrder: 14,
        sourceId: 214,
        sourceHash: '577ba1498982bce8ee78b17624d8c9ea55272ad28fc6d232d0d9b3a2f00b0616'
      }
    ],
    primaryConceptId: 'ad-as-equilibrium-and-output-gaps',
    secondaryConceptIds: [],
    instructionalRole: 'main',
    canonicalDifficulty: 'medium',
    originalSourcePool: 'hard',
    originalBossTier: null,
    sourcePrimaryConceptId: 'long-run-macroeconomic-adjustment',
    familyConceptId: 'ad-as-equilibrium',
    subtopicIds: [ 'ad-as-equilibrium-and-output-gaps' ]
  },
  expected: {
    id: 'ECON-SP-HARD-214',
    q: 'Refer to the graph with LRAS. If the economy starts at AD1-AS2 and AD shifts to AD2, what gap appears?',
    options: [
      'Expansionary gap',
      'Recessionary gap',
      'No output gap',
      'Supply gap'
    ],
    tag: 'output_gaps',
    type: 'graph_interpretation',
    objective: 'LO34.5',
    difficulty: 'hard',
    conceptCluster: 'ad_as_graphs',
    primarySkill: 'classify_output_gap',
    repairSkill: 'classify_output_gap',
    commonError: 'Ignoring LRAS after an AD shift.',
    feedback: 'The economy moves to Y2, which is above natural output, so it creates an expansionary gap.',
    image: 'question-assets/aggregate-demand/adaslras.webp',
    aHash: 'ed760d6cb58dd7cef125545c0d5f6eff955cb2b60c696d92521af4128f662927',
    canonicalId: 'ECON-SP-HARD-214',
    sourceId: 214,
    sourceGame: 'stabilization-protocol',
    sourceChapter: [ 34 ],
    sourcePool: 'hard',
    sourceHash: '577ba1498982bce8ee78b17624d8c9ea55272ad28fc6d232d0d9b3a2f00b0616',
    sourceOccurrences: [
      {
        sourceGame: 'stabilization-protocol',
        sourceFile: 'C:\\Users\\Jennings\\Desktop\\Mastery Quests\\phase4-production\\phase4.2-economic-realm-deployment-bundles\\stabilization-protocol\\stabilization_protocol_questions_student.js',
        sourceGlobal: 'questionBanks',
        sourcePool: 'hard',
        routeKey: null,
        sourceRecordOrder: 14,
        sourceId: 214,
        sourceHash: '577ba1498982bce8ee78b17624d8c9ea55272ad28fc6d232d0d9b3a2f00b0616'
      }
    ],
    primaryConceptId: 'ad-as-equilibrium-and-output-gaps',
    secondaryConceptIds: [],
    instructionalRole: 'main',
    canonicalDifficulty: 'hard',
    originalSourcePool: 'hard',
    originalBossTier: null,
    sourcePrimaryConceptId: 'long-run-macroeconomic-adjustment',
    familyConceptId: 'ad-as-equilibrium',
    subtopicIds: [ 'ad-as-equilibrium-and-output-gaps' ]
  },
  operator: 'deepStrictEqual',
  diff: 'simple'
}

Node.js v24.19.0
FAIL run_risk_reward_validation.js
node:internal/process/promises:394
    triggerUncaughtException(err, true /* fromPromise */);
    ^

AssertionError [ERR_ASSERTION]: Exact current state including untouched fields ECON-SP-HARD-214
+ actual - expected

  {
    aHash: 'ed760d6cb58dd7cef125545c0d5f6eff955cb2b60c696d92521af4128f662927',
+   canonicalDifficulty: 'medium',
-   canonicalDifficulty: 'hard',
    canonicalId: 'ECON-SP-HARD-214',
    commonError: 'Ignoring LRAS after an AD shift.',
    conceptCluster: 'ad_as_graphs',
+   difficulty: 'medium',
-   difficulty: 'hard',
    familyConceptId: 'ad-as-equilibrium',
    feedback: 'The economy moves to Y2, which is above natural output, so it creates an expansionary gap.',
    id: 'ECON-SP-HARD-214',
    image: 'question-assets/aggregate-demand/adaslras.webp',
    instructionalRole: 'main',

    at Object.assertCurrentLibrary (C:\Users\Jennings\Documents\GitHub\masteryquests-website\build\faculty-build-composer\tests\microeconomics-approved-revisions.js:60:44)
    at C:\Users\Jennings\Documents\GitHub\masteryquests-website\build\faculty-build-composer\tests\run_risk_reward_validation.js:46:8
    at Object.<anonymous> (C:\Users\Jennings\Documents\GitHub\masteryquests-website\build\faculty-build-composer\tests\run_risk_reward_validation.js:77:3)
    at Module._compile (node:internal/modules/cjs/loader:1872:14)
    at Object..js (node:internal/modules/cjs/loader:2003:10)
    at Module.load (node:internal/modules/cjs/loader:1594:32)
    at Module._load (node:internal/modules/cjs/loader:1396:12)
    at wrapModuleLoad (node:internal/modules/cjs/loader:255:19)
    at Module.executeUserEntryPoint [as runMain] (node:internal/modules/run_main:154:5)
    at node:internal/main/run_main_module:33:47 {
  generatedMessage: false,
  code: 'ERR_ASSERTION',
  actual: {
    id: 'ECON-SP-HARD-214',
    q: 'Refer to the graph with LRAS. If the economy starts at AD1-AS2 and AD shifts to AD2, what gap appears?',
    options: [
      'Expansionary gap',
      'Recessionary gap',
      'No output gap',
      'Supply gap'
    ],
    tag: 'output_gaps',
    type: 'graph_interpretation',
    objective: 'LO34.5',
    difficulty: 'medium',
    conceptCluster: 'ad_as_graphs',
    primarySkill: 'classify_output_gap',
    repairSkill: 'classify_output_gap',
    commonError: 'Ignoring LRAS after an AD shift.',
    feedback: 'The economy moves to Y2, which is above natural output, so it creates an expansionary gap.',
    image: 'question-assets/aggregate-demand/adaslras.webp',
    aHash: 'ed760d6cb58dd7cef125545c0d5f6eff955cb2b60c696d92521af4128f662927',
    canonicalId: 'ECON-SP-HARD-214',
    sourceId: 214,
    sourceGame: 'stabilization-protocol',
    sourceChapter: [ 34 ],
    sourcePool: 'hard',
    sourceHash: '577ba1498982bce8ee78b17624d8c9ea55272ad28fc6d232d0d9b3a2f00b0616',
    sourceOccurrences: [
      {
        sourceGame: 'stabilization-protocol',
        sourceFile: 'C:\\Users\\Jennings\\Desktop\\Mastery Quests\\phase4-production\\phase4.2-economic-realm-deployment-bundles\\stabilization-protocol\\stabilization_protocol_questions_student.js',
        sourceGlobal: 'questionBanks',
        sourcePool: 'hard',
        routeKey: null,
        sourceRecordOrder: 14,
        sourceId: 214,
        sourceHash: '577ba1498982bce8ee78b17624d8c9ea55272ad28fc6d232d0d9b3a2f00b0616'
      }
    ],
    primaryConceptId: 'ad-as-equilibrium-and-output-gaps',
    secondaryConceptIds: [],
    instructionalRole: 'main',
    canonicalDifficulty: 'medium',
    originalSourcePool: 'hard',
    originalBossTier: null,
    sourcePrimaryConceptId: 'long-run-macroeconomic-adjustment',
    familyConceptId: 'ad-as-equilibrium',
    subtopicIds: [ 'ad-as-equilibrium-and-output-gaps' ]
  },
  expected: {
    id: 'ECON-SP-HARD-214',
    q: 'Refer to the graph with LRAS. If the economy starts at AD1-AS2 and AD shifts to AD2, what gap appears?',
    options: [
      'Expansionary gap',
      'Recessionary gap',
      'No output gap',
      'Supply gap'
    ],
    tag: 'output_gaps',
    type: 'graph_interpretation',
    objective: 'LO34.5',
    difficulty: 'hard',
    conceptCluster: 'ad_as_graphs',
    primarySkill: 'classify_output_gap',
    repairSkill: 'classify_output_gap',
    commonError: 'Ignoring LRAS after an AD shift.',
    feedback: 'The economy moves to Y2, which is above natural output, so it creates an expansionary gap.',
    image: 'question-assets/aggregate-demand/adaslras.webp',
    aHash: 'ed760d6cb58dd7cef125545c0d5f6eff955cb2b60c696d92521af4128f662927',
    canonicalId: 'ECON-SP-HARD-214',
    sourceId: 214,
    sourceGame: 'stabilization-protocol',
    sourceChapter: [ 34 ],
    sourcePool: 'hard',
    sourceHash: '577ba1498982bce8ee78b17624d8c9ea55272ad28fc6d232d0d9b3a2f00b0616',
    sourceOccurrences: [
      {
        sourceGame: 'stabilization-protocol',
        sourceFile: 'C:\\Users\\Jennings\\Desktop\\Mastery Quests\\phase4-production\\phase4.2-economic-realm-deployment-bundles\\stabilization-protocol\\stabilization_protocol_questions_student.js',
        sourceGlobal: 'questionBanks',
        sourcePool: 'hard',
        routeKey: null,
        sourceRecordOrder: 14,
        sourceId: 214,
        sourceHash: '577ba1498982bce8ee78b17624d8c9ea55272ad28fc6d232d0d9b3a2f00b0616'
      }
    ],
    primaryConceptId: 'ad-as-equilibrium-and-output-gaps',
    secondaryConceptIds: [],
    instructionalRole: 'main',
    canonicalDifficulty: 'hard',
    originalSourcePool: 'hard',
    originalBossTier: null,
    sourcePrimaryConceptId: 'long-run-macroeconomic-adjustment',
    familyConceptId: 'ad-as-equilibrium',
    subtopicIds: [ 'ad-as-equilibrium-and-output-gaps' ]
  },
  operator: 'deepStrictEqual',
  diff: 'simple'
}

Node.js v24.19.0
PASS run_risk_reward_state_validation.js
{
  "ok": false,
  "total": 29,
  "passed": 20,
  "failed": [
    {
      "runner": "run_faculty_outcome_validation.js",
      "passed": false,
      "durationMs": 5547
    },
    {
      "runner": "run_content_scope_validation.js",
      "passed": false,
      "durationMs": 7998
    },
    {
      "runner": "run_generated_telemetry_smoke.js",
      "passed": false,
      "durationMs": 293
    },
    {
      "runner": "run_macro_phase2_taxonomy_validation.mjs",
      "passed": false,
      "durationMs": 1969
    },
    {
      "runner": "run_question_bank_comprehensive_validation.mjs",
      "passed": false,
      "durationMs": 2525
    },
    {
      "runner": "run_concept_review_integration.js",
      "passed": false,
      "durationMs": 1823
    },
    {
      "runner": "run_trial_by_graph_validation.js",
      "passed": false,
      "durationMs": 2083
    },
    {
      "runner": "run_fading_fortune_validation.js",
      "passed": false,
      "durationMs": 2197
    },
    {
      "runner": "run_risk_reward_validation.js",
      "passed": false,
      "durationMs": 2097
    }
  ]
}
