PASS run_faculty_outcome_validation.js
PASS run_content_scope_validation.js
PASS run_default_character_set_validation.js
PASS run_exam_navigation_boss_reveal_validation.js
PASS run_checkpoint_artifact_exam_integrity_validation.js
PASS run_guide_intro_validation.js
PASS run_phase1_targeted_repair_validation.js
PASS run_phase15_production_hardening_validation.js
PASS run_visibility_aware_telemetry_validation.js
PASS run_generated_telemetry_smoke.js
PASS run_phase3a_official_theme_validation.js
PASS run_phase3b_custom_asset_validation.js
PASS run_phase3e_graph_question_sync_validation.mjs
PASS run_question_quality_auditor_validation.mjs
FAIL run_macro_phase2_taxonomy_validation.mjs
file:///C:/Users/Jennings/Documents/GitHub/masteryquests-website/build/faculty-build-composer/tests/run_macro_phase2_taxonomy_validation.mjs:75
const check=(name,condition,details={})=>{checks.push({name,status:condition?'PASS':'FAIL',...details});if(!condition)throw new Error(`${name}: ${JSON.stringify(details)}`);};
                                                                                                                            ^

Error: Ordinary Macro count: {"actual":2809,"unique":2809,"expected":2804}
    at check (file:///C:/Users/Jennings/Documents/GitHub/masteryquests-website/build/faculty-build-composer/tests/run_macro_phase2_taxonomy_validation.mjs:75:125)
    at file:///C:/Users/Jennings/Documents/GitHub/masteryquests-website/build/faculty-build-composer/tests/run_macro_phase2_taxonomy_validation.mjs:108:1
    at ModuleJob.run (node:internal/modules/esm/module_job:439:25)
    at async node:internal/modules/esm/loader:643:26
    at async asyncRunEntryPointWithESMLoader (node:internal/modules/run_main:101:5)

Node.js v24.19.0
PASS run_checkpoint_remediation_design_change_validation.mjs
PASS run_legendary_final_checkpoint_validation.mjs
PASS run_question_bank_comprehensive_validation.mjs
PASS run_concept_review_integration.js
PASS run_mastery_report_concept_reviews.js
PASS run_mastery_report_2_validation.js
PASS run_mastery_report_state_leak_hotfix.js
PASS run_mode_availability_fix.js
PASS run_quiz_mode_validation.js
PASS run_unlimited_practice_validation.js
FAIL run_trial_by_graph_validation.js
{
  "phase": "mode8-trial-by-graph-v1",
  "ok": false,
  "composerVersion": "4.5s.3k",
  "canonicalQuestionCount": 9779,
  "auditedIds": 612,
  "graphRequiredFlagged": 1147,
  "examples": {
    "perfectCompetition": 76,
    "demand": 25,
    "aggregateDemand": 12,
    "bankMoneyCreation": 0
  },
  "generatedGraphIntegrity": {
    "brokenRejected": true,
    "omittedRejected": true,
    "validAccepted": true,
    "representativeConcepts": [
      "demand",
      "supply",
      "market-equilibrium",
      "production-possibilities-frontier"
    ],
    "graphQuestions": 115,
    "assets": 20,
    "smokeQuestions": 10,
    "smokeAssets": 9,
    "smokeIds": [
      "40006",
      "PG1-DMD-L-002",
      "40020",
      "40000",
      "PG1-DMD-E-001",
      "PG1-SUP-E-001",
      "PG1-EQ-E-001",
      "40003",
      "40009",
      "40018"
    ]
  },
  "supportedTargets": {
    "perfectCompetition": [
      10,
      15,
      20
    ],
    "demand": [
      10,
      15,
      20
    ],
    "aggregateDemand": [
      10
    ]
  },
  "allEightModes": [
    {
      "mode": "standard",
      "ok": true
    },
    {
      "mode": "timed",
      "ok": true
    },
    {
      "mode": "exam",
      "ok": true
    },
    {
      "mode": "quiz",
      "ok": true
    },
    {
      "mode": "unlimited",
      "ok": true
    },
    {
      "mode": "legendary",
      "ok": true
    },
    {
      "mode": "score",
      "ok": true
    },
    {
      "mode": "trialGraph",
      "ok": true
    },
    {
      "mode": "fadingFortune",
      "ok": true
    },
    {
      "mode": "riskReward",
      "ok": true
    }
  ],
  "issues": [
    "graphRequired count 1147",
    "flags outside audited set 14"
  ]
}
PASS run_fading_fortune_validation.js
PASS run_risk_reward_validation.js
PASS run_risk_reward_state_validation.js
{
  "ok": false,
  "total": 29,
  "passed": 27,
  "failed": [
    {
      "runner": "run_macro_phase2_taxonomy_validation.mjs",
      "passed": false,
      "durationMs": 2776
    },
    {
      "runner": "run_trial_by_graph_validation.js",
      "passed": false,
      "durationMs": 3097
    }
  ]
}
