
Generating General Economics: 1,589 questions
Checking General Economics: 1,589 questions in 1,104 PDF pages...
General Economics verified. PDF size: 4.63 MB

Generating Microeconomics: 6,301 questions
Prepared 2,000 PDF questions
Prepared 4,000 PDF questions
Prepared 6,000 PDF questions
Laid out 2,000 PDF questions
Laid out 4,000 PDF questions
Laid out 6,000 PDF questions
Checking Microeconomics: 6,301 questions in 4,407 PDF pages...
Microeconomics verified. PDF size: 19.18 MB

Generating Macroeconomics: 4,745 questions
Prepared 2,000 PDF questions
Prepared 4,000 PDF questions
Laid out 2,000 PDF questions
Laid out 4,000 PDF questions
Checking Macroeconomics: 4,745 questions in 3,575 PDF pages...
Macroeconomics verified. PDF size: 11.98 MB
Faculty export FAILED. No new PDF/CSV published. Any previous exports are stale.
Source or image changed during export: C:\Users\Jennings\Documents\GitHub\masteryquests-website\build\faculty-build-composer\data\composer_library.js
