{
  "records": 4745,
  "csv_rows": 4745,
  "csv_unique_ids": 4745,
  "sourceSHA256": "4c98d274054d6fe351d0c009501ab9793beda6925d7f3e4b052f6b89df925122",
  "pdfSHA256": "47eb6ca9ed40807e139b818439f3dfcbdfa6a081d0d891f6b62a3359a2c69188",
  "csv_columns": 169,
  "csv_mismatches": [],
  "structure_errors": [],
  "pdf_pages": 3553,
  "pdf_blank_pages": [],
  "pdf_id_order_matches": true,
  "pdf_content_verification": "passed existing exporter verify_pdf on final file",
  "pdf_question_ids": 4745,
  "pdf_replacement_characters": [],
  "pdf_bounds_errors": [],
  "pdf_render_errors": [],
  "pdf_answer_marker_errors": [],
  "pdf_split_cores": [],
  "metadata_on_prior_page": [
    "PG3-MEQ-L-004",
    "ECON-SP-LEGENDARYBOSS-9102",
    "PG3-AD-L-002",
    "PMOE-FX-L-006",
    "43257",
    "43297",
    "ECON-SP-FINALBOSS-4013",
    "ECON-SP-LEGENDARY-9008",
    "ECON-SP-FINALBOSS-4010",
    "LG-Q-9142",
    "PMOE-FX-LB-001",
    "P62D-ITP-LB-009",
    "P62D-ITP-LB-012",
    "P62D-ITP-LB-015",
    "P62D-ITP-LB-027",
    "P62D-ITP-LB-030",
    "P62D-ITP-LB-033",
    "PM2C3-LPMM-LB-001",
    "LG-Q-9138",
    "43219",
    "ECON-SP-FINALBOSS-4007",
    "ECON-SP-LEGENDARYBOSS-9103",
    "ECON-SP-LEGENDARYBOSS-9104",
    "LG-Q-336",
    "ECON-SP-LEGENDARYBOSS-9114",
    "LG-Q-9051",
    "LG-Q-9059",
    "LG-Q-9072",
    "LG-Q-9131",
    "ECON-SP-LEGENDARYBOSS-9115",
    "LG-Q-9029",
    "ECON-SP-LEGENDARYBOSS-9107",
    "LG-Q-9115",
    "ECON-SP-FINALBOSS-4006",
    "PG5-PC-H-016",
    "PG5-PC-L-012",
    "PG5-PC-L-006",
    "PG5-PC-L-018",
    "PG5-PC-L-024",
    "PMOE-FX-LB-003",
    "43309",
    "ECON-SP-LEGENDARYBOSS-9109",
    "PMOE-FX-L-003"
  ],
  "pdf_missing_image_pages": [],
  "pdf_links": 371,
  "pdf_link_errors": [],
  "pdf_outline_entries": 371,
  "images": 591,
  "all_source_occurrences": 9800
}
