{
  "sourceSha256": "9f8b0fa6bfc4dec8af68deef135ee02d90c1fdc350a5bff348d3564ef984cfca",
  "integrity": {
    "concepts": 149,
    "questions": 9779,
    "graphs": 1147,
    "assets": 507
  },
  "changedIds": 94,
  "keyChecks": 94,
  "bankChecks": {
    "general": {
      "ids": 1589,
      "changedAuthorizedIds": [],
      "unrelatedUnchanged": 1589
    },
    "micro": {
      "ids": 6301,
      "changedAuthorizedIds": [
        "42028",
        "42038",
        "42048",
        "42058",
        "42204",
        "42207",
        "42352",
        "42360",
        "42361",
        "42363",
        "42376",
        "42587",
        "42588",
        "42618",
        "42619",
        "42620",
        "42621",
        "42622",
        "42623",
        "42625",
        "42627",
        "42645",
        "42646",
        "42647",
        "42648",
        "42649",
        "42650",
        "42651",
        "42652",
        "42653",
        "42654",
        "42655",
        "42661",
        "42662",
        "42663",
        "42664",
        "42665",
        "42666",
        "42667",
        "42668",
        "42673",
        "42674",
        "42675",
        "42676",
        "42677",
        "42678",
        "42679",
        "42689",
        "42690",
        "42691",
        "42692",
        "42693",
        "42694",
        "42695",
        "42696",
        "42698",
        "42699",
        "42701",
        "42702",
        "42703",
        "42704",
        "42705",
        "42706",
        "42707",
        "42708",
        "ECON-MG-MEDIUM-186",
        "ECON-MG-MEDIUM-189",
        "P62B-ELAS-E-028",
        "P62B-ELAS-EL-038",
        "P62B-ELAS-M-039",
        "P62C-CPS-L-024",
        "P62C-CPS-L-050",
        "P62C-CPS-L-055",
        "P62C-CPS-M-029",
        "P62E-COP-H-018",
        "P62E-COP-H-019",
        "P62E-COP-L-053",
        "P62E-COP-L-054",
        "P62E-COP-M-024",
        "P62F-PC-EL-038",
        "P62F-PC-EL-044",
        "P62F-PC-H-042",
        "P62F-PC-L-097",
        "P62F-PC-M-048",
        "P62G-MON-H-032",
        "P62G-MON-H-036",
        "P62H-MCMP-EL-023",
        "P62H-MCMP-H-016",
        "P62H-MCMP-L-032",
        "P62H-MCMP-L-035",
        "P62H-MCMP-L-038",
        "P62H-MCMP-L-041",
        "P62H-MCMP-L-044",
        "P62H-MCMP-L-094"
      ],
      "unrelatedUnchanged": 6207
    },
    "macro": {
      "ids": 4745,
      "changedAuthorizedIds": [],
      "unrelatedUnchanged": 4745
    }
  },
  "unauthorizedRecordChanges": 0,
  "preservedMetadata": true,
  "preservedRouting": true,
  "preservedGraphAssets": true,
  "protectedExistingFiles": 1920,
  "unexpectedFileChanges": [],
  "negativeProbes": [
    {
      "id": "42028",
      "field": "q",
      "rejected": true
    },
    {
      "id": "ECON-MG-EASY-1",
      "field": "feedback",
      "rejected": true
    },
    {
      "id": "42028",
      "field": "difficulty",
      "rejected": true
    }
  ],
  "publication": {
    "publishedIds": 6276,
    "canonicalExportIds": 6301,
    "unchangedUnpublishedCanonicalIds": [
      "ECON-MG-CORE-MARKET-FAILURE-30006",
      "ECON-MG-CORE-MARKETS-30011",
      "ECON-MG-EASY-11",
      "ECON-MG-EASY-15",
      "ECON-MG-EASYBOSS-2015",
      "ECON-MG-EASYBOSS-2017",
      "P52B-MFAIL-H-004",
      "P77-MFAIL-BR-040",
      "P77-MFAIL-EL-015",
      "P77-MFAIL-FINALB-025",
      "P77-MFAIL-FINALB-026",
      "P77-MFAIL-FINALB-027",
      "P77-MFAIL-H-010",
      "P77-MFAIL-H-011",
      "P77-MFAIL-H-013",
      "P77-MFAIL-L-018",
      "P77-MFAIL-L-021",
      "P77-MFAIL-L-024",
      "P77-MFAIL-LB-028",
      "P77-MFAIL-LB-030",
      "P77-MFAIL-LB-032",
      "P77-MFAIL-M-008",
      "P77-MFAIL-R-033",
      "P77-MFAIL-R-034",
      "P77-MFAIL-R-037"
    ],
    "allTargetsPresent": true,
    "exactContentParity": true,
    "inlineScriptsCompiled": 1,
    "allTenModesPass": true,
    "answerVerification": true
  }
}
