
Generating General Economics: 1,589 questions
Checking General Economics: 1,589 questions in 830 PDF pages...
General Economics verified. PDF size: 3.98 MB

Generating Microeconomics: 6,299 questions
Prepared 2,000 PDF questions
Prepared 4,000 PDF questions
Prepared 6,000 PDF questions
Laid out 2,000 PDF questions
Laid out 4,000 PDF questions
Laid out 6,000 PDF questions
Checking Microeconomics: 6,299 questions in 3,483 PDF pages...
Microeconomics verified. PDF size: 16.61 MB

Generating Macroeconomics: 4,745 questions
Prepared 2,000 PDF questions
Prepared 4,000 PDF questions
Laid out 2,000 PDF questions
Laid out 4,000 PDF questions
Checking Macroeconomics: 4,745 questions in 2,497 PDF pages...
Macroeconomics verified. PDF size: 9.57 MB

Faculty Question Bank Export Complete

General Economics
Unique questions: 1589
Topics: 58
Pools represented: 724
Questions with images: 242
Missing images: 0
Questions missing feedback: 0
Questions missing topic: 0
Questions missing objective: 0
Duplicate IDs merged: 0
Conflicting IDs: 0
CSV rows: 1589
PDF questions: 1589
PDF pages: 830
PDF size (MB): 3.98

Microeconomics
Unique questions: 6299
Topics: 128
Pools represented: 2420
Questions with images: 1195
Missing images: 0
Questions missing feedback: 0
Questions missing topic: 0
Questions missing objective: 25
Duplicate IDs merged: 0
Conflicting IDs: 0
CSV rows: 6299
PDF questions: 6299
PDF pages: 3483
PDF size (MB): 16.61

Macroeconomics
Unique questions: 4745
Topics: 371
Pools represented: 1614
Questions with images: 553
Missing images: 0
Questions missing feedback: 0
Questions missing topic: 0
Questions missing objective: 107
Duplicate IDs merged: 21
Conflicting IDs: 0
CSV rows: 4745
PDF questions: 4745
PDF pages: 2497
PDF size (MB): 9.57

Combined questions across exports: 12633; distinct canonical IDs: 9777
