{
  "distinct_ids": 9777,
  "courses": {
    "general": {
      "questions": 1589,
      "ids_unchanged": true,
      "csv_content_exact": true,
      "pages_before": 1106,
      "pages_after": 799,
      "pages_removed": 307,
      "columns_before": 169,
      "columns_after": 14,
      "columns_removed": 155,
      "graphs": 242,
      "missing_graphs": 0
    },
    "micro": {
      "questions": 6299,
      "ids_unchanged": true,
      "csv_content_exact": true,
      "pages_before": 4440,
      "pages_after": 3156,
      "pages_removed": 1284,
      "columns_before": 169,
      "columns_after": 14,
      "columns_removed": 155,
      "graphs": 1195,
      "missing_graphs": 0
    },
    "macro": {
      "questions": 4745,
      "ids_unchanged": true,
      "csv_content_exact": true,
      "pages_before": 3569,
      "pages_after": 2459,
      "pages_removed": 1110,
      "columns_before": 169,
      "columns_after": 14,
      "columns_removed": 155,
      "graphs": 553,
      "missing_graphs": 0
    }
  },
  "visual_samples": [
    {
      "course": "general",
      "category": "simple",
      "id": "ECON-MG-EASY-20",
      "page": 13,
      "image": "C:\\Users\\Jennings\\Documents\\GitHub\\masteryquests-website\\tmp\\faculty_export_metadata_cleanup_20261004\\general-13.png",
      "unchanged_from_visual_review": true
    },
    {
      "course": "general",
      "category": "graph",
      "id": "40020",
      "page": 417,
      "image": "C:\\Users\\Jennings\\Documents\\GitHub\\masteryquests-website\\tmp\\faculty_export_metadata_cleanup_20261004\\general-417.png",
      "unchanged_from_visual_review": true
    },
    {
      "course": "general",
      "category": "Legendary/Boss",
      "id": "P75-TRADE-LB-004",
      "page": 37,
      "image": "C:\\Users\\Jennings\\Documents\\GitHub\\masteryquests-website\\tmp\\faculty_export_metadata_cleanup_20261004\\general-37.png",
      "unchanged_from_visual_review": true
    },
    {
      "course": "general",
      "category": "large previous metadata",
      "id": "ECON-MG-EASY-10",
      "page": 795,
      "image": "C:\\Users\\Jennings\\Documents\\GitHub\\masteryquests-website\\tmp\\faculty_export_metadata_cleanup_20261004\\general-795.png",
      "unchanged_from_visual_review": true
    },
    {
      "course": "general",
      "category": "cover/index",
      "page": 1,
      "image": "C:\\Users\\Jennings\\Documents\\GitHub\\masteryquests-website\\tmp\\faculty_export_metadata_cleanup_20261004\\general-1.png"
    },
    {
      "course": "general",
      "category": "cover/index",
      "page": 2,
      "image": "C:\\Users\\Jennings\\Documents\\GitHub\\masteryquests-website\\tmp\\faculty_export_metadata_cleanup_20261004\\general-2.png"
    },
    {
      "course": "micro",
      "category": "simple",
      "id": "42898",
      "page": 6,
      "image": "C:\\Users\\Jennings\\Documents\\GitHub\\masteryquests-website\\tmp\\faculty_export_metadata_cleanup_20261004\\micro-6.png",
      "unchanged_from_visual_review": true
    },
    {
      "course": "micro",
      "category": "graph",
      "id": "40020",
      "page": 1710,
      "image": "C:\\Users\\Jennings\\Documents\\GitHub\\masteryquests-website\\tmp\\faculty_export_metadata_cleanup_20261004\\micro-1710.png",
      "unchanged_from_visual_review": true
    },
    {
      "course": "micro",
      "category": "Legendary/Boss",
      "id": "P75-TRADE-LB-004",
      "page": 98,
      "image": "C:\\Users\\Jennings\\Documents\\GitHub\\masteryquests-website\\tmp\\faculty_export_metadata_cleanup_20261004\\micro-98.png",
      "unchanged_from_visual_review": true
    },
    {
      "course": "micro",
      "category": "large previous metadata",
      "id": "P62C-CPS-LB-015",
      "page": 337,
      "image": "C:\\Users\\Jennings\\Documents\\GitHub\\masteryquests-website\\tmp\\faculty_export_metadata_cleanup_20261004\\micro-337.png",
      "unchanged_from_visual_review": true
    },
    {
      "course": "micro",
      "category": "explicit 42941",
      "id": "42941",
      "page": 2168,
      "image": "C:\\Users\\Jennings\\Documents\\GitHub\\masteryquests-website\\tmp\\faculty_export_metadata_cleanup_20261004\\micro-2168.png",
      "unchanged_from_visual_review": true
    },
    {
      "course": "micro",
      "category": "large Additional Metadata / repair",
      "id": "P77-IEA-R-001",
      "page": 1302,
      "image": "C:\\Users\\Jennings\\Documents\\GitHub\\masteryquests-website\\tmp\\faculty_export_metadata_cleanup_20261004\\micro-1302.png",
      "unchanged_from_visual_review": false
    },
    {
      "course": "micro",
      "category": "cover/index",
      "page": 1,
      "image": "C:\\Users\\Jennings\\Documents\\GitHub\\masteryquests-website\\tmp\\faculty_export_metadata_cleanup_20261004\\micro-1.png"
    },
    {
      "course": "micro",
      "category": "cover/index",
      "page": 2,
      "image": "C:\\Users\\Jennings\\Documents\\GitHub\\masteryquests-website\\tmp\\faculty_export_metadata_cleanup_20261004\\micro-2.png"
    },
    {
      "course": "macro",
      "category": "simple",
      "id": "ECON-SP-EASY-25",
      "page": 12,
      "image": "C:\\Users\\Jennings\\Documents\\GitHub\\masteryquests-website\\tmp\\faculty_export_metadata_cleanup_20261004\\macro-12.png",
      "unchanged_from_visual_review": true
    },
    {
      "course": "macro",
      "category": "graph",
      "id": "40020",
      "page": 1408,
      "image": "C:\\Users\\Jennings\\Documents\\GitHub\\masteryquests-website\\tmp\\faculty_export_metadata_cleanup_20261004\\macro-1408.png",
      "unchanged_from_visual_review": true
    },
    {
      "course": "macro",
      "category": "Legendary/Boss",
      "id": "PM2E-CH-LEG-001",
      "page": 70,
      "image": "C:\\Users\\Jennings\\Documents\\GitHub\\masteryquests-website\\tmp\\faculty_export_metadata_cleanup_20261004\\macro-70.png",
      "unchanged_from_visual_review": false
    },
    {
      "course": "macro",
      "category": "large previous metadata",
      "id": "LG-Q-9115",
      "page": 1694,
      "image": "C:\\Users\\Jennings\\Documents\\GitHub\\masteryquests-website\\tmp\\faculty_export_metadata_cleanup_20261004\\macro-1694.png",
      "unchanged_from_visual_review": true
    },
    {
      "course": "macro",
      "category": "cover/index",
      "page": 1,
      "image": "C:\\Users\\Jennings\\Documents\\GitHub\\masteryquests-website\\tmp\\faculty_export_metadata_cleanup_20261004\\macro-1.png"
    },
    {
      "course": "macro",
      "category": "cover/index",
      "page": 2,
      "image": "C:\\Users\\Jennings\\Documents\\GitHub\\masteryquests-website\\tmp\\faculty_export_metadata_cleanup_20261004\\macro-2.png"
    }
  ]
}
