
Generating General Economics: 1,589 questions
Checking General Economics: 1,589 questions in 826 PDF pages...
General Economics verified. PDF size: 3.98 MB

Generating Microeconomics: 6,297 questions
Prepared 2,000 PDF questions
Prepared 4,000 PDF questions
Prepared 6,000 PDF questions
Laid out 2,000 PDF questions
Laid out 4,000 PDF questions
Laid out 6,000 PDF questions
Checking Microeconomics: 6,297 questions in 3,476 PDF pages...
Microeconomics verified. PDF size: 16.57 MB

Generating Macroeconomics: 4,747 questions
Prepared 2,000 PDF questions
Prepared 4,000 PDF questions
Laid out 2,000 PDF questions
Laid out 4,000 PDF questions
Checking Macroeconomics: 4,747 questions in 2,498 PDF pages...
Macroeconomics verified. PDF size: 9.59 MB

Faculty Question Bank Export Complete

General Economics
Unique questions: 1589
Topics: 58
Pools represented: 724
Questions with images: 242
Missing images: 0
Questions missing feedback: 0
Questions missing topic: 0
Questions missing objective: 0
Duplicate IDs merged: 0
Conflicting IDs: 0
CSV rows: 1589
PDF questions: 1589
PDF pages: 826
PDF size (MB): 3.98

Microeconomics
Unique questions: 6297
Topics: 126
Pools represented: 2422
Questions with images: 1192
Missing images: 0
Questions missing feedback: 0
Questions missing topic: 0
Questions missing objective: 24
Duplicate IDs merged: 0
Conflicting IDs: 0
CSV rows: 6297
PDF questions: 6297
PDF pages: 3476
PDF size (MB): 16.57

Macroeconomics
Unique questions: 4747
Topics: 373
Pools represented: 1614
Questions with images: 553
Missing images: 0
Questions missing feedback: 0
Questions missing topic: 0
Questions missing objective: 21
Duplicate IDs merged: 21
Conflicting IDs: 0
CSV rows: 4747
PDF questions: 4747
PDF pages: 2498
PDF size (MB): 9.59

Combined questions across exports: 12633; distinct canonical IDs: 9777
