PASS 266 arithmetic checks
{
  "status": "PASS",
  "reviewed": 847,
  "changes": 19,
  "dispositions": {
    "VERIFIED \u2014 NO REGRESSION": 720,
    "CHANGED \u2014 POST-REMEDIATION DIFFICULTY DRIFT": 11,
    "NO CHANGE \u2014 STRUCTURAL ROLE EXPLAINS TIER": 108,
    "CHANGED \u2014 EXPLICIT FACULTY TIER": 2,
    "CHANGED \u2014 POST-REMEDIATION CONTENT REGRESSION": 6
  },
  "trackedSources": [
    "build/faculty-build-composer/data/composer_library.js",
    "build/faculty-build-composer/data/composer_library_manifest.json",
    "build/faculty-build-composer/data/composer_registry.json",
    "build/faculty-build-composer/data/faculty-outcomes.js",
    "build/faculty-build-composer/tests/composer-audit-contracts.js",
    "build/faculty-build-composer/tests/run_content_scope_validation.js",
    "build/faculty-build-composer/tests/run_fading_fortune_validation.js",
    "build/faculty-build-composer/tests/run_macro_phase2_taxonomy_validation.mjs",
    "build/faculty-build-composer/tests/run_phase3e_graph_question_sync_validation.mjs",
    "build/faculty-build-composer/tests/run_question_bank_comprehensive_validation.mjs",
    "build/faculty-build-composer/tests/run_risk_reward_validation.js",
    "build/faculty-build-composer/tests/run_trial_by_graph_validation.js"
  ],
  "representationReview": 28
}
