
Generating General Economics: 1,589 questions
Checking General Economics: 1,589 questions in 1,104 PDF pages...
General Economics verified. PDF size: 4.63 MB

Generating Microeconomics: 6,301 questions
Prepared 2,000 PDF questions
Prepared 4,000 PDF questions
Prepared 6,000 PDF questions
Laid out 2,000 PDF questions
Laid out 4,000 PDF questions
Laid out 6,000 PDF questions
Checking Microeconomics: 6,301 questions in 4,407 PDF pages...
Microeconomics verified. PDF size: 19.18 MB

Generating Macroeconomics: 4,745 questions
Prepared 2,000 PDF questions
Prepared 4,000 PDF questions
Laid out 2,000 PDF questions
Laid out 4,000 PDF questions
Checking Macroeconomics: 4,745 questions in 3,354 PDF pages...
Macroeconomics verified. PDF size: 11.6 MB

Faculty Question Bank Export Complete

General Economics
Unique questions: 1589
Topics: 58
Pools represented: 724
Questions with images: 242
Missing images: 0
Questions missing feedback: 0
Questions missing topic: 0
Questions missing objective: 0
Duplicate IDs merged: 0
Conflicting IDs: 0
CSV rows: 1589
PDF questions: 1589
PDF pages: 1104
PDF size (MB): 4.63

Microeconomics
Unique questions: 6301
Topics: 128
Pools represented: 2420
Questions with images: 1195
Missing images: 0
Questions missing feedback: 0
Questions missing topic: 0
Questions missing objective: 0
Duplicate IDs merged: 0
Conflicting IDs: 0
CSV rows: 6301
PDF questions: 6301
PDF pages: 4407
PDF size (MB): 19.18

Macroeconomics
Unique questions: 4745
Topics: 371
Pools represented: 1644
Questions with images: 591
Missing images: 0
Questions missing feedback: 0
Questions missing topic: 0
Questions missing objective: 0
Duplicate IDs merged: 21
Conflicting IDs: 0
CSV rows: 4745
PDF questions: 4745
PDF pages: 3354
PDF size (MB): 11.6

Combined questions across exports: 12635; distinct canonical IDs: 9779
