
Generating General Economics: 1,589 questions
Checking General Economics: 1,589 questions in 1,104 PDF pages...
General Economics verified. PDF size: 4.63 MB

Generating Microeconomics: 6,347 questions
Prepared 2,000 PDF questions
Prepared 4,000 PDF questions
Prepared 6,000 PDF questions
Laid out 2,000 PDF questions
Laid out 4,000 PDF questions
Laid out 6,000 PDF questions
Checking Microeconomics: 6,347 questions in 4,355 PDF pages...
Microeconomics verified. PDF size: 19.06 MB

Generating Macroeconomics: 4,699 questions
Prepared 2,000 PDF questions
Prepared 4,000 PDF questions
Laid out 2,000 PDF questions
Laid out 4,000 PDF questions
Checking Macroeconomics: 4,699 questions in 3,314 PDF pages...
Macroeconomics verified. PDF size: 11.54 MB

Faculty Question Bank Export Complete

General Economics
Unique questions: 1589
Topics: 58
Pools represented: 724
Questions with images: 242
Missing images: 0
Questions missing feedback: 0
Questions missing topic: 0
Questions missing objective: 0
Duplicate IDs merged: 0
Conflicting IDs: 0
CSV rows: 1589
PDF questions: 1589
PDF pages: 1104
PDF size (MB): 4.63

Microeconomics
Unique questions: 6347
Topics: 146
Pools represented: 2438
Questions with images: 1197
Missing images: 0
Questions missing feedback: 0
Questions missing topic: 0
Questions missing objective: 0
Duplicate IDs merged: 0
Conflicting IDs: 0
CSV rows: 6347
PDF questions: 6347
PDF pages: 4355
PDF size (MB): 19.06

Macroeconomics
Unique questions: 4699
Topics: 358
Pools represented: 1644
Questions with images: 591
Missing images: 0
Questions missing feedback: 0
Questions missing topic: 0
Questions missing objective: 0
Duplicate IDs merged: 21
Conflicting IDs: 0
CSV rows: 4699
PDF questions: 4699
PDF pages: 3314
PDF size (MB): 11.54

Combined questions across exports: 12635; distinct canonical IDs: 9779
