{
  "records": 1589,
  "csv_rows": 1589,
  "csv_unique_ids": 1589,
  "csv_columns": 169,
  "csv_mismatches": [],
  "structure_errors": [],
  "pdf_pages": 1104,
  "pdf_content_verification": "passed existing exporter verify_pdf on final file",
  "pdf_question_ids": 1589,
  "pdf_replacement_characters": [],
  "pdf_bounds_errors": [],
  "pdf_render_errors": [],
  "pdf_answer_marker_errors": [],
  "pdf_split_cores": [],
  "metadata_on_prior_page": [
    "P62D-ITP-LB-009",
    "P62D-ITP-LB-012",
    "P62D-ITP-LB-015",
    "P62D-ITP-LB-027",
    "P62D-ITP-LB-030",
    "P62D-ITP-LB-033"
  ],
  "pdf_missing_image_pages": [],
  "pdf_links": 58,
  "pdf_link_errors": [],
  "pdf_outline_entries": 58,
  "images": 242,
  "all_source_occurrences": 9800
}
