Unpublished targeted IDs []
{
  "sourceSha256": "f9645c657e3b8f674084307e9ccf92371bc7b8751af3086cc025202b0dcbb350",
  "integrity": {
    "concepts": 149,
    "questions": 9777,
    "graphs": 1131,
    "assets": 507
  },
  "changedIds": 341,
  "keyChecks": 341,
  "bankChecks": {
    "general": {
      "ids": 1589,
      "changedAuthorizedIds": [],
      "unrelatedUnchanged": 1589
    },
    "micro": {
      "ids": 6299,
      "changedAuthorizedIds": [],
      "unrelatedUnchanged": 6299
    },
    "macro": {
      "ids": 4745,
      "changedAuthorizedIds": [
        "43089",
        "43100",
        "43122",
        "43151",
        "43168",
        "43172",
        "43177",
        "43181",
        "43191",
        "43192",
        "43220",
        "43224",
        "43225",
        "43249",
        "43252",
        "43255",
        "43257",
        "43259",
        "43261",
        "43269",
        "43270",
        "43272",
        "43273",
        "43275",
        "43276",
        "43287",
        "43288",
        "43289",
        "43290",
        "43292",
        "43293",
        "43295",
        "43297",
        "43302",
        "43305",
        "43309",
        "43311",
        "43313",
        "43314",
        "43326",
        "ECON-EC-EASYBOSS-17011",
        "ECON-EC-FINALBOSS-19000",
        "ECON-EC-FINALBOSS-19002",
        "ECON-EC-FINALBOSS-19006",
        "ECON-EC-FINALBOSS-19007",
        "ECON-EC-LEGENDARYBOSS-20000",
        "ECON-EC-LEGENDARYBOSS-20002",
        "ECON-EC-LEGENDARYBOSS-20004",
        "ECON-EC-LEGENDARYBOSS-20005",
        "ECON-EC-LEGENDARYBOSS-20020",
        "ECON-EC-MEDIUMBOSS-18002",
        "ECON-NL-EASYBOSS-2003",
        "ECON-NL-EASYBOSS-2007",
        "ECON-NL-EASYBOSS-2018",
        "ECON-NL-EASYBOSS-2019",
        "ECON-NL-EASYBOSS-2022",
        "ECON-NL-EASYBOSS-2023",
        "ECON-NL-EASYBOSS-2025",
        "ECON-NL-EASYBOSS-2028",
        "ECON-NL-EASYBOSS-2029",
        "ECON-NL-ELITE-331",
        "ECON-NL-FINALBOSS-4022",
        "ECON-NL-FINALBOSS-4026",
        "ECON-NL-FINALBOSS-4028",
        "ECON-NL-FINALBOSS-4039",
        "ECON-NL-FINALBOSS-4040",
        "ECON-NL-INCOME-EXPENDITURE-IDENTITY-6000",
        "ECON-NL-LEGENDARY-9023",
        "ECON-NL-LEGENDARY-9025",
        "ECON-NL-LEGENDARY-9028",
        "ECON-NL-LEGENDARY-9035",
        "ECON-NL-LEGENDARY-9036",
        "ECON-NL-LEGENDARY-9047",
        "ECON-NL-LEGENDARY-9067",
        "ECON-NL-LEGENDARY-9068",
        "ECON-NL-LEGENDARYBOSS-9100",
        "ECON-NL-LEGENDARYBOSS-9101",
        "ECON-NL-LEGENDARYBOSS-9102",
        "ECON-NL-LEGENDARYBOSS-9103",
        "ECON-NL-LEGENDARYBOSS-9106",
        "ECON-NL-LEGENDARYBOSS-9107",
        "ECON-NL-LEGENDARYBOSS-9108",
        "ECON-NL-LEGENDARYBOSS-9109",
        "ECON-NL-LEGENDARYBOSS-9111",
        "ECON-NL-LEGENDARYBOSS-9113",
        "ECON-NL-LEGENDARYBOSS-9115",
        "ECON-NL-LEGENDARYBOSS-9118",
        "ECON-NL-MEDIUMBOSS-3006",
        "ECON-NL-MEDIUMBOSS-3011",
        "ECON-NL-RULE-OF-70-5032",
        "ECON-SP-CALCULATE-REQUIRED-RESERVES-6004",
        "ECON-SP-ELITE-308",
        "ECON-SP-ELITE-309",
        "ECON-SP-ELITE-312",
        "ECON-SP-ELITE-318",
        "ECON-SP-ELITE-326",
        "ECON-SP-ELITE-339",
        "ECON-SP-ELITE-340",
        "ECON-SP-ELITE-341",
        "ECON-SP-ELITE-348",
        "ECON-SP-ELITE-349",
        "ECON-SP-ELITE-351",
        "ECON-SP-FINALBOSS-4006",
        "ECON-SP-FINALBOSS-4010",
        "ECON-SP-FINALBOSS-4012",
        "ECON-SP-FINALBOSS-4013",
        "ECON-SP-FINALBOSS-4015",
        "ECON-SP-FINALBOSS-4023",
        "ECON-SP-HARD-214",
        "ECON-SP-HARD-216",
        "ECON-SP-HARD-217",
        "ECON-SP-HARD-218",
        "ECON-SP-HARD-227",
        "ECON-SP-HARD-228",
        "ECON-SP-HARD-229",
        "ECON-SP-HARD-269",
        "ECON-SP-IDENTIFY-LRAS-6021",
        "ECON-SP-LEGENDARY-9002",
        "ECON-SP-LEGENDARY-9003",
        "ECON-SP-LEGENDARY-9004",
        "ECON-SP-LEGENDARY-9007",
        "ECON-SP-LEGENDARY-9008",
        "ECON-SP-LEGENDARY-9024",
        "ECON-SP-LEGENDARY-9027",
        "ECON-SP-LEGENDARY-9038",
        "ECON-SP-LEGENDARY-9039",
        "ECON-SP-LEGENDARY-9046",
        "ECON-SP-LEGENDARY-9047",
        "ECON-SP-LEGENDARY-9048",
        "ECON-SP-LEGENDARYBOSS-9102",
        "ECON-SP-LEGENDARYBOSS-9103",
        "ECON-SP-LEGENDARYBOSS-9104",
        "ECON-SP-LEGENDARYBOSS-9106",
        "ECON-SP-LEGENDARYBOSS-9107",
        "ECON-SP-LEGENDARYBOSS-9108",
        "ECON-SP-LEGENDARYBOSS-9109",
        "ECON-SP-LEGENDARYBOSS-9114",
        "ECON-SP-LEGENDARYBOSS-9115",
        "ECON-SP-MEDIUM-139",
        "ECON-SP-MEDIUM-146",
        "ECON-SP-MEDIUM-162",
        "ECON-SP-MEDIUMBOSS-3004",
        "ECON-SP-MEDIUMBOSS-3007",
        "ECON-SP-MEDIUMBOSS-3008",
        "ECON-SP-MEDIUMBOSS-3010",
        "ECON-SP-MEDIUMBOSS-3012",
        "ECON-SP-MONETARY-POLICY-PC-TRANSITION-6047",
        "LG-B-6000",
        "LG-B-6003",
        "LG-Q-158",
        "LG-Q-2006",
        "LG-Q-2007",
        "LG-Q-2008",
        "LG-Q-2011",
        "LG-Q-254",
        "LG-Q-3000",
        "LG-Q-3007",
        "LG-Q-303",
        "LG-Q-307",
        "LG-Q-308",
        "LG-Q-310",
        "LG-Q-313",
        "LG-Q-326",
        "LG-Q-336",
        "LG-Q-355",
        "LG-Q-358",
        "LG-Q-4001",
        "LG-Q-4005",
        "LG-Q-9024",
        "LG-Q-9053",
        "LG-Q-9055",
        "LG-Q-9056",
        "LG-Q-9059",
        "LG-Q-9064",
        "LG-Q-9068",
        "LG-Q-9072",
        "LG-Q-9100",
        "LG-Q-9104",
        "LG-Q-9107",
        "LG-Q-9109",
        "LG-Q-9113",
        "LG-Q-9116",
        "LG-Q-9118",
        "LG-Q-9120",
        "LG-Q-9121",
        "LG-Q-9122",
        "LG-Q-9124",
        "LG-Q-9125",
        "LG-Q-9127",
        "LG-Q-9131",
        "LG-Q-9132",
        "LG-Q-9134",
        "LG-Q-9135",
        "LG-Q-9138",
        "LG-Q-9140",
        "LG-Q-9142",
        "LG-R-5013",
        "LG-R-5056",
        "LG-R-5058",
        "P52A-AD-B1-001",
        "P52A-AD-B1-003",
        "P52A-AD-B2-002",
        "P52A-AD-B3-003",
        "P52A-AD-EL-001",
        "P52A-AD-L-001",
        "P52A-AD-L-003",
        "P52A-AD-LB-001",
        "P52A-AD-LB-003",
        "P52A-AS-B2-003",
        "P52A-AS-EL-004",
        "P52A-AS-LB-002",
        "P52A-BANK-B2-001",
        "P52A-BANK-B2-002",
        "P52A-BANK-B2-003",
        "P52A-BANK-B3-001",
        "P52A-BANK-B3-003",
        "P52A-BANK-M-006",
        "P52A-CPI-B2-002",
        "P52A-CPI-B2-003",
        "P52A-CPI-B3-003",
        "P52A-CPI-LB-001",
        "P52A-CPI-LB-002",
        "P52A-FISCAD-LB-001",
        "P52A-FISCAD-LB-002",
        "P52B-S3-GDPM-B2-002",
        "P52B-S3-MEQS-B2-001",
        "P52B-S3-MFM-LB-002",
        "P52B-S3-MPT-B2-001",
        "P52B-S3-MPT-B3-001",
        "P52B-S3-MPT-B3-002",
        "P52B-S4-MPTX-B2-001",
        "P52B-S4-QTM-B1-001",
        "P52B-S4-QTM-B1-002",
        "P52B-S4-QTM-B3-002",
        "P52B-S4-QTM-B3-003",
        "PG3-AD-EL-001",
        "PG3-AD-L-001",
        "PG3-AD-L-002",
        "PG3-AD-M-002",
        "PG3-AD-M-004",
        "PG3-AS-L-001",
        "PG3-AS-L-002",
        "PG3-AS-M-002",
        "PG3-AS-M-004",
        "PG3-MEQ-H-002",
        "PG3-MEQ-L-001",
        "PG3-MEQ-L-003",
        "PG3-MEQ-L-004",
        "PG4-MM-EL-001",
        "PG4-MM-EL-005",
        "PG4-MM-H-001",
        "PG4-MM-L-001",
        "PG4-MM-L-005",
        "PG4-MM-M-002",
        "PG4-MM-M-006",
        "PG4-MM-M-009",
        "PG4-MM-M-010",
        "PG4-MPT-EL-002",
        "PG4-MPT-H-001",
        "PG4-MPT-H-002",
        "PG4-MPT-L-002",
        "PG4-MPT-M-001",
        "PG4-MPT-M-003",
        "PG5-PC-H-010",
        "PG5-PC-H-016",
        "PG5-PC-H-022",
        "PG5-PC-L-012",
        "PG5-PC-L-018",
        "PG5-PC-M-002",
        "PG5-PC-M-009",
        "PG5-PC-M-021",
        "PG5-PC-X-005",
        "PG5-PC-X-017",
        "PG5-PC-X-023",
        "PM2A-DIS-EB-012",
        "PM2A-DIS-EB-013",
        "PM2A-DIS-L-010",
        "PM2A-DIS-LB-018",
        "PM2A-DIS-LB-019",
        "PM2A-DIS-LB-020",
        "PM2A-SAC-EB-018",
        "PM2A-SAC-LB-023",
        "PM2A-SAC-LB-024",
        "PM2B1-GDPC-LB-001",
        "PM2B1-GDPC-MB-002",
        "PM2B1-RNGDP-LB-001",
        "PM2B2-BIAS-FB-005",
        "PM2B2-BIAS-MB-001",
        "PM2B2-BIAS-MB-003",
        "PM2B2-DEF-FB-005",
        "PM2B2-DEF-FB-006",
        "PM2B2-DEF-L-002",
        "PM2B2-DEF-LB-001",
        "PM2B2-DEF-MB-002",
        "PM2B2-DEF-MB-003",
        "PM2B2-INDEX-L-003",
        "PM2B2-INDEX-LB-001",
        "PM2B3-POL-FB-005",
        "PM2B3-POL-FB-006",
        "PM2B3-POL-H-001",
        "PM2B3-POL-LB-001",
        "PM2B3-PROD-EB-002",
        "PM2B3-PROD-FB-004",
        "PM2B3-PROD-H-001",
        "PM2B3-PROD-L-001",
        "PM2B3-PROD-LB-001",
        "PM2B3-PROD-LB-002",
        "PM2B3-SRC-EB-002",
        "PM2B3-SRC-FB-004",
        "PM2B4-LMI-BR-001",
        "PM2B4-LMI-EB-003",
        "PM2B4-NRU-MB-004",
        "PM2C2-FISH-EB-001",
        "PM2C2-FISH-FB-006",
        "PM2C2-ITAX-LB-001",
        "PM2C3-LPMM-BR-001",
        "PM2C3-LPMM-L-001",
        "PM2C3-LPMM-L-006",
        "PM2C3-LPMM-LB-001",
        "PM2C3-LPMM-LB-002",
        "PM2D1-LRADJ-EB-002",
        "PM2D1-LRADJ-L-001",
        "PM2D1-LRADJ-LB-002",
        "PM2D1-LRADJ-MB-004",
        "PM2E-CH-FINAL-002",
        "PMOE-FX-B3-003",
        "PMOE-FX-EL-002",
        "PMOE-FX-L-002",
        "PMOE-FX-L-003",
        "PMOE-FX-LB-001",
        "PMOE-FX-LB-003",
        "PMOE-FX-M-006",
        "PMOE-NER-LB-002",
        "PMOE-NER-LB-003",
        "PMOE-POL-B2-001",
        "PMOE-POL-EL-002",
        "PMOE-POL-L-002",
        "PMOE-POL-M-003",
        "PMOE-RER-L-001",
        "PMOE-RER-LB-002",
        "PMOE-TX-B3-001"
      ],
      "unrelatedUnchanged": 4404
    }
  },
  "unauthorizedRecordChanges": 0,
  "preservedMetadata": true,
  "preservedRouting": true,
  "preservedGraphAssets": true,
  "protectedExistingFiles": 1894,
  "unexpectedFileChanges": [],
  "negativeProbes": [
    {
      "id": "43089",
      "field": "q",
      "rejected": true
    },
    {
      "id": "ECON-MG-EASY-1",
      "field": "feedback",
      "rejected": true
    },
    {
      "id": "43089",
      "field": "difficulty",
      "rejected": true
    }
  ],
  "publication": {
    "publishedIds": 4743,
    "canonicalExportIds": 4745,
    "unchangedUnpublishedCanonicalIds": [
      "ECON-SP-MAP-AD-AS-TO-PC-5061",
      "ECON-SP-MAP-AD-AS-TO-PC-6052"
    ],
    "allTargetsPresent": true,
    "unchangedUnpublishedTargets": [],
    "allPreviouslyPublishedTargetsPresent": true,
    "exactContentParity": true,
    "inlineScriptsCompiled": 1,
    "allTenModesPass": true,
    "answerVerification": true
  }
}
