{
  "records": 4745,
  "csv_rows": 4745,
  "csv_unique_ids": 4745,
  "csv_columns": 169,
  "csv_mismatches": [],
  "structure_errors": [],
  "pdf_pages": 3354,
  "pdf_blank_pages": [],
  "pdf_id_order_matches": true,
  "pdf_content_verification": "passed existing exporter verify_pdf on final file",
  "pdf_question_ids": 4745,
  "pdf_replacement_characters": [],
  "pdf_bounds_errors": [],
  "pdf_render_errors": [],
  "pdf_answer_marker_errors": [],
  "pdf_split_cores": [],
  "metadata_on_prior_page": [
    "PG3-MEQ-L-004",
    "PG3-AD-L-002",
    "PG3-AS-L-001",
    "PG3-AS-L-002",
    "PMOE-FX-L-006",
    "ECON-SP-LEGENDARY-9008",
    "PMOE-FX-LB-001",
    "P62D-ITP-LB-009",
    "P62D-ITP-LB-012",
    "P62D-ITP-LB-015",
    "P62D-ITP-LB-027",
    "P62D-ITP-LB-030",
    "P62D-ITP-LB-033",
    "43219",
    "LG-Q-336",
    "LG-Q-9051",
    "LG-Q-9131",
    "LG-Q-9029",
    "LG-Q-9115",
    "PG5-PC-H-016",
    "PG5-PC-L-012",
    "PG5-PC-L-006",
    "PG5-PC-L-018",
    "PG5-PC-L-024",
    "PMOE-FX-LB-003",
    "43309",
    "PMOE-FX-L-003"
  ],
  "pdf_missing_image_pages": [],
  "pdf_links": 371,
  "pdf_link_errors": [],
  "pdf_outline_entries": 371,
  "images": 591,
  "all_source_occurrences": 9800
}
